Microchip Technology Inc, vv1.24 (0)

Tool Name:
  /opt/microchip/xc16/v1.24/bin/bin/../bin/elf-ld

Command:
  -p24FJ64GA006 \
  -o \
  dist/default/production/SoftBase.X.production.elf \
  -L/opt/microchip/xc16/v1.24/bin/bin/.. \
  -L/opt/microchip/xc16/v1.24/bin/bin/../../lib \
  -L/opt/microchip/xc16/v1.24/bin/bin/../../lib/PIC24E \
  -L/opt/microchip/xc16/v1.24/bin/bin/../../support/PIC24E/gld \
  -L/opt/microchip/xc16/v1.24/bin/bin/../../lib/PIC24F \
  -L/opt/microchip/xc16/v1.24/bin/bin/../../support/PIC24F/gld \
  -L/opt/microchip/xc16/v1.24/bin/bin/../../lib/PIC24H \
  -L/opt/microchip/xc16/v1.24/bin/bin/../../support/PIC24H/gld \
  -L/opt/microchip/xc16/v1.24/bin/bin/../../lib/dsPIC30F \
  -L/opt/microchip/xc16/v1.24/bin/bin/../../support/dsPIC30F/gld \
  -L/opt/microchip/xc16/v1.24/bin/bin/../../lib/dsPIC33E \
  -L/opt/microchip/xc16/v1.24/bin/bin/../../support/dsPIC33E/gld \
  -L/opt/microchip/xc16/v1.24/bin/bin/../../lib/dsPIC33F \
  -L/opt/microchip/xc16/v1.24/bin/bin/../../support/dsPIC33F/gld \
  build/default/production/_ext/1472/SoftMain.o \
  build/default/production/_ext/1168165985/ActAcc.o \
  build/default/production/_ext/1168165985/EEtEprom.o \
  build/default/production/_ext/1168165985/IoTIO.o \
  build/default/production/_ext/1168165985/LCTLcd.o \
  build/default/production/_ext/1168165985/MtTMotors.o \
  build/default/production/_ext/1168165985/NvTNovol.o \
  build/default/production/_ext/1168165985/PtTProto.o \
  build/default/production/_ext/1168165985/RfTRadio.o \
  build/default/production/_ext/1168165985/SiTSio.o \
  build/default/production/_ext/1168165985/TiTTImer.o \
  build/default/production/_ext/1168165985/I2Ti2c.o \
  build/default/production/_ext/2014013214/LSApi.o \
  build/default/production/_ext/607124742/LSACC.o \
  build/default/production/_ext/607124742/LSCOM.o \
  build/default/production/_ext/607124742/LSExec.o \
  build/default/production/_ext/607124742/LSIO.o \
  build/default/production/_ext/607124742/LSLcd.o \
  build/default/production/_ext/607124742/LSMotors.o \
  build/default/production/_ext/607124742/LSNVOL.o \
  build/default/production/_ext/607124742/LSUSB.o \
  build/default/production/_ext/1168165985/memory.o \
  --defsym=__MPLAB_BUILD=1 \
  -TBLp24FJ64GA006.gld.00 \
  --stack=16 \
  --check-sections \
  --data-init \
  --pack-data \
  --handles \
  --isr \
  --no-gc-sections \
  --fill-upper=0 \
  --stackguard=16 \
  --library-path=.. \
  --library-path=. \
  --no-force-link \
  --smart-io \
  -Map=dist/default/production/SoftBase.X.production.map \
  --report-mem \
  -start-group \
  --library=pic30-elf \
  --library=m-elf \
  --library=c-elf \
  -end-group \

Archive member included because of file (symbol)

/opt/microchip/xc16/v1.24/bin/bin/../../lib/libpic30-elf.a(crt0_standard.o)
                              (__resetPRI)
/opt/microchip/xc16/v1.24/bin/bin/../../lib/libpic30-elf.a(data_init_standard.o)
                              /opt/microchip/xc16/v1.24/bin/bin/../../lib/libpic30-elf.a(crt0_standard.o) (__data_init_standard)
/opt/microchip/xc16/v1.24/bin/bin/../../lib/libm-elf.a(addsf3.eo)
                              build/default/production/_ext/1168165985/MtTMotors.o (___subsf3)
/opt/microchip/xc16/v1.24/bin/bin/../../lib/libm-elf.a(cosf.eo)
                              build/default/production/_ext/1168165985/MtTMotors.o (_cosf)
/opt/microchip/xc16/v1.24/bin/bin/../../lib/libm-elf.a(divsf3.eo)
                              build/default/production/_ext/1168165985/MtTMotors.o (___divsf3)
/opt/microchip/xc16/v1.24/bin/bin/../../lib/libm-elf.a(divsi3.eo)
                              build/default/production/_ext/1168165985/IoTIO.o (___divsi3)
/opt/microchip/xc16/v1.24/bin/bin/../../lib/libm-elf.a(feqltle.eo)
                              build/default/production/_ext/1168165985/MtTMotors.o (___eqsf2)
/opt/microchip/xc16/v1.24/bin/bin/../../lib/libm-elf.a(fgtge.eo)
                              build/default/production/_ext/1168165985/MtTMotors.o (___gtsf2)
/opt/microchip/xc16/v1.24/bin/bin/../../lib/libm-elf.a(fixsfsi.eo)
                              build/default/production/_ext/1168165985/MtTMotors.o (_(float, int, long long, short, float, short, int))
/opt/microchip/xc16/v1.24/bin/bin/../../lib/libm-elf.a(fixunssfsi.eo)
                              build/default/production/_ext/1168165985/MtTMotors.o (___fixunssfsi)
/opt/microchip/xc16/v1.24/bin/bin/../../lib/libm-elf.a(floatsisf.eo)
                              build/default/production/_ext/1168165985/ActAcc.o (___floatsisf)
/opt/microchip/xc16/v1.24/bin/bin/../../lib/libm-elf.a(fpack.eo)
                              /opt/microchip/xc16/v1.24/bin/bin/../../lib/libm-elf.a(addsf3.eo) (__fpack)
/opt/microchip/xc16/v1.24/bin/bin/../../lib/libm-elf.a(funpack.eo)
                              /opt/microchip/xc16/v1.24/bin/bin/../../lib/libm-elf.a(fixsfsi.eo) (__funpack)
/opt/microchip/xc16/v1.24/bin/bin/../../lib/libm-elf.a(funpack2.eo)
[...]
Memory Configuration

Name             Origin             Length             Attributes
data             0x000800           0x002000           a !xr
reset            0x000000           0x000004  
ivt              0x000004           0x0000fc  
aivt             0x000104           0x0000fc  
program          0x000c00           0x009ffc           xr
config2          0x00abfc           0x000002  
config1          0x00abfe           0x000002  
BLreset          0x000100           0x000004  
*default*        0x000000           0xffffffff  

Linker script and memory map

LOAD build/default/production/_ext/1472/SoftMain.o
LOAD build/default/production/_ext/1168165985/ActAcc.o
LOAD build/default/production/_ext/1168165985/EEtEprom.o
LOAD build/default/production/_ext/1168165985/IoTIO.o
LOAD build/default/production/_ext/1168165985/LCTLcd.o
LOAD build/default/production/_ext/1168165985/MtTMotors.o
LOAD build/default/production/_ext/1168165985/NvTNovol.o
LOAD build/default/production/_ext/1168165985/PtTProto.o
LOAD build/default/production/_ext/1168165985/RfTRadio.o
LOAD build/default/production/_ext/1168165985/SiTSio.o
LOAD build/default/production/_ext/1168165985/TiTTImer.o
LOAD build/default/production/_ext/1168165985/I2Ti2c.o
LOAD build/default/production/_ext/2014013214/LSApi.o
LOAD build/default/production/_ext/607124742/LSACC.o
LOAD build/default/production/_ext/607124742/LSCOM.o
LOAD build/default/production/_ext/607124742/LSExec.o
LOAD build/default/production/_ext/607124742/LSIO.o
LOAD build/default/production/_ext/607124742/LSLcd.o
LOAD build/default/production/_ext/607124742/LSMotors.o
LOAD build/default/production/_ext/607124742/LSNVOL.o
LOAD build/default/production/_ext/607124742/LSUSB.o
LOAD build/default/production/_ext/1168165985/memory.o
                    0x0001                  __MPLAB_BUILD = 0x1
LOAD /opt/microchip/xc16/v1.24/bin/bin/../../lib/PIC24F/libpPIC24Fxxx-elf.a
                    0xabfc                  __CONFIG2 = 0xabfc
                    0xabfe                  __CONFIG1 = 0xabfe
                    0x0001                  __NO_HANDLES = 0x1
                    0x0004                  __IVT_BASE = 0x4
                    0x0104                  __AIVT_BASE = 0x104
                    0x0800                  __DATA_BASE = 0x800
                    0x0200                  __CODE_BASE = 0x200

.reset            0x000000          0x4
                  0x000000          0x2 SHORT 0xc00 ABSOLUTE (__reset)
                  0x000001          0x2 SHORT 0x4
                  0x000002          0x2 SHORT 0x0 ((ABSOLUTE (__reset) >> 0x10) & 0x7f)
                  0x000003          0x2 SHORT 0x0

.BLreset          0x000100          0x4
 *(.BLreset)
 .BLreset         0x000100          0x4 build/default/production/_ext/2014013214/LSApi.o
                  0x000100                  _userReset
                  0x000102                  _timeout

.text             0x000c00       0x24c8
 *(.init)
 .init            0x000c00         0x3c /opt/microchip/xc16/v1.24/bin/bin/../../lib/libpic30-elf.a(crt0_standard.o)
                  0x000c00                  __reset
                  0x000c00                  __resetPRI
                  0x000c2c                  __psv_init
 .init            0x000c3c         0x5e /opt/microchip/xc16/v1.24/bin/bin/../../lib/libpic30-elf.a(data_init_standard.o)
                  0x000c3c                  __data_init
                  0x000c3c                  __data_init_standard
 *(.user_init)
 *(.handle)
 *(.libc)
 .libc            0x000c9a         0x60 /opt/microchip/xc16/v1.24/bin/bin/../../lib/libpic30-elf.a(write.eo)
                  0x000c9a                  _write
 *(.libm)
 *(.libdsp)
 *(.lib*)
 .libm.subsf3     0x000cfa         0xbc /opt/microchip/xc16/v1.24/bin/bin/../../lib/libm-elf.a(addsf3.eo)
                  0x000cfa                  ___subsf3
                  0x000cfc                  ___addsf3
 .libm.cosf       0x000db6          0x4 /opt/microchip/xc16/v1.24/bin/bin/../../lib/libm-elf.a(cosf.eo)
                  0x000db6                  _cosf
 .libm.divfs3     0x000dba         0x84 /opt/microchip/xc16/v1.24/bin/bin/../../lib/libm-elf.a(divsf3.eo)
                  0x000dba                  ___divsf3
 .libm.divsi3     0x000e3e         0x1e /opt/microchip/xc16/v1.24/bin/bin/../../lib/libm-elf.a(divsi3.eo)
                  0x000e3e                  ___divsi3
 .libm.eqsf2      0x000e5c          0x4 /opt/microchip/xc16/v1.24/bin/bin/../../lib/libm-elf.a(feqltle.eo)
                  0x000e5c                  ___lesf2
                  0x000e5c                  ___eqsf2
                  0x000e5c                  ___ltsf2
 .libm.gtsf2      0x000e60          0x4 /opt/microchip/xc16/v1.24/bin/bin/../../lib/libm-elf.a(fgtge.eo)
                  0x000e60                  ___gtsf2
                  0x000e60                  ___gesf2
 .libm.fixsfsi    0x000e64         0x42 /opt/microchip/xc16/v1.24/bin/bin/../../lib/libm-elf.a(fixsfsi.eo)
                  0x000e64                  _(float, int, long long, short, float, short, int)
 .libm.fixunssfsi
                  0x000ea6         0x36 /opt/microchip/xc16/v1.24/bin/bin/../../lib/libm-elf.a(fixunssfsi.eo)
                  0x000ea6                  ___fixunssfsi
 .libm.floatsisf
                  0x000edc          0x6 /opt/microchip/xc16/v1.24/bin/bin/../../lib/libm-elf.a(floatsisf.eo)
                  0x000edc                  ___floatsisf
 .libm.fpack      0x000ee2         0x4c /opt/microchip/xc16/v1.24/bin/bin/../../lib/libm-elf.a(fpack.eo)
                  0x000ee2                  __fpack
 .libm.funpack    0x000f2e         0x2a /opt/microchip/xc16/v1.24/bin/bin/../../lib/libm-elf.a(funpack.eo)
                  0x000f2e                  __funpack
 .libm.funpack2
                  0x000f58         0x10 /opt/microchip/xc16/v1.24/bin/bin/../../lib/libm-elf.a(funpack2.eo)
                  0x000f58                  __funpack2
 .libm.fPropagateNaN
                  0x000f68         0x12 /opt/microchip/xc16/v1.24/bin/bin/../../lib/libm-elf.a(futil.eo)
                  0x000f68                  __fPropagateNaN
 .libm.fbobExit
                  0x000f7a          0x8 /opt/microchip/xc16/v1.24/bin/bin/../../lib/libm-elf.a(futil.eo)
                  0x000f7a                  __fbopExit
 .libm.fbopReturnNaN
                  0x000f82          0x6 /opt/microchip/xc16/v1.24/bin/bin/../../lib/libm-elf.a(futil.eo)
                  0x000f82                  __fbopReturnNaN
 .libm.mulsf3     0x000f88         0x68 /opt/microchip/xc16/v1.24/bin/bin/../../lib/libm-elf.a(mulsf3.eo)
                  0x000f88                  ___mulsf3
 .libm.sincosf    0x000ff0         0xd2 /opt/microchip/xc16/v1.24/bin/bin/../../lib/libm-elf.a(sincosf.eo)
                  0x000ff0                  __sincosf
 .libm.sinf       0x0010c2          0x4 /opt/microchip/xc16/v1.24/bin/bin/../../lib/libm-elf.a(sinf.eo)
                  0x0010c2                  _sinf
 .libm.udivsi3    0x0010c6         0x20 /opt/microchip/xc16/v1.24/bin/bin/../../lib/libm-elf.a(udivsi3.eo)
                  0x0010c6                  ___udivsi3
 .libm.fcompare
                  0x0010e6         0x36 /opt/microchip/xc16/v1.24/bin/bin/../../lib/libm-elf.a(fcompare.eo)
                  0x0010e6                  __fcompare
 .libm.floatdisf
                  0x00111c         0x20 /opt/microchip/xc16/v1.24/bin/bin/../../lib/libm-elf.a(floatdisf.eo)
                  0x00111c                  ___floatdisf
 .libm.floatundisf
                  0x00113c         0x5e /opt/microchip/xc16/v1.24/bin/bin/../../lib/libm-elf.a(floatundisf.eo)
                  0x00113c                  ___floatundisf
 .libm.fmodf      0x00119a          0x4 /opt/microchip/xc16/v1.24/bin/bin/../../lib/libm-elf.a(fmodf.eo)
                  0x00119a                  _fmodf
 .libm.fmodrem    0x00119e         0x9e /opt/microchip/xc16/v1.24/bin/bin/../../lib/libm-elf.a(fmodrem.eo)
                  0x00119e                  __fmodrem
 .libc.memcpy     0x00123c          0xe /opt/microchip/xc16/v1.24/bin/bin/../../lib/libc-elf.a(memcpy.eo)
                  0x00123c                  _memcpy
 .libc.strcmp     0x00124a          0xe /opt/microchip/xc16/v1.24/bin/bin/../../lib/libc-elf.a(strcmp.eo)
                  0x00124a                  _strcmp
 .libc.vsprintf
                  0x001258         0x28 /opt/microchip/xc16/v1.24/bin/bin/../../lib/libc-elf.a(vsprintf.eo)
                  0x001258                  _vsprintf
 .libc.fround     0x001280         0xba /opt/microchip/xc16/v1.24/bin/bin/../../lib/libc-elf.a(doprnt.eo)
 .libc.scale      0x00133a         0xc0 /opt/microchip/xc16/v1.24/bin/bin/../../lib/libc-elf.a(doprnt.eo)
 .libc.vfprintf
                  0x0013fa       0x1350 /opt/microchip/xc16/v1.24/bin/bin/../../lib/libc-elf.a(doprnt.eo)
                  0x0013fa                  _vfprintf
 .libc.fputc      0x00274a         0x88 /opt/microchip/xc16/v1.24/bin/bin/../../lib/libc-elf.a(fputc.eo)
                  0x00274a                  _fputc
 .libc._flsbuf    0x0027d2         0x84 /opt/microchip/xc16/v1.24/bin/bin/../../lib/libc-elf.a(flsbuf.eo)
                  0x0027d2                  __flsbuf
 .libc.dowrite    0x002856          0x4 /opt/microchip/xc16/v1.24/bin/bin/../../lib/libpic30-elf.a(write.eo)
 .libm.adddf3     0x00285a         0xfa /opt/microchip/xc16/v1.24/bin/bin/../../lib/libm-elf.a(adddf3.eo)
                  0x00285a                  ___adddf3
 .libm.eqdf2      0x002954          0xa /opt/microchip/xc16/v1.24/bin/bin/../../lib/libm-elf.a(deqltle.eo)
                  0x002954                  ___ledf2
                  0x002954                  ___eqdf2
                  0x002954                  ___ltdf2
 .libm.gtdf2      0x00295e          0xa /opt/microchip/xc16/v1.24/bin/bin/../../lib/libm-elf.a(dgtge.eo)
                  0x00295e                  ___gedf2
                  0x00295e                  ___gtdf2
 .libm.divdf3     0x002968         0xb4 /opt/microchip/xc16/v1.24/bin/bin/../../lib/libm-elf.a(divdf3.eo)
                  0x002968                  ___divdf3
 .libm.nedf2      0x002a1c          0xa /opt/microchip/xc16/v1.24/bin/bin/../../lib/libm-elf.a(dne.eo)
                  0x002a1c                  ___nedf2
 .libm.dpack      0x002a26         0x58 /opt/microchip/xc16/v1.24/bin/bin/../../lib/libm-elf.a(dpack.eo)
                  0x002a26                  __dpack
 .libm.dunpack2
                  0x002a7e         0x32 /opt/microchip/xc16/v1.24/bin/bin/../../lib/libm-elf.a(dunpack2.eo)
                  0x002a7e                  __dunpack2
                  0x002aa0                  __dreturnNaN
                  0x002aa6                  __dunpack2exit
 .libm.extendsfdf2
                  0x002ab0         0x3e /opt/microchip/xc16/v1.24/bin/bin/../../lib/libm-elf.a(extendsfdf.eo)
                  0x002ab0                  ___extendsfdf2
 .libm.fixunsdfdi
                  0x002aee         0x62 /opt/microchip/xc16/v1.24/bin/bin/../../lib/libm-elf.a(fixunsdfdi.eo)
                  0x002aee                  ___fixunsdfdi
 .libm.fixunsdfsi
                  0x002b50         0x4c /opt/microchip/xc16/v1.24/bin/bin/../../lib/libm-elf.a(fixunsdfsi.eo)
                  0x002b50                  ___fixunsdfsi
 .libm.floatundidf
                  0x002b9c         0x56 /opt/microchip/xc16/v1.24/bin/bin/../../lib/libm-elf.a(floatundidf.eo)
                  0x002b9c                  ___floatundidf
 .libm.floatunsidf
                  0x002bf2          0x4 /opt/microchip/xc16/v1.24/bin/bin/../../lib/libm-elf.a(floatunsidf.eo)
                  0x002bf2                  ___floatunsidf
 .libm.frexp      0x002bf6         0x3a /opt/microchip/xc16/v1.24/bin/bin/../../lib/libm-elf.a(frexp.eo)
                  0x002bf6                  _frexpl
                  0x002bf6                  _frexp
 .libm.muldf3     0x002c30         0xea /opt/microchip/xc16/v1.24/bin/bin/../../lib/libm-elf.a(muldf3.eo)
                  0x002c30                  ___muldf3
 .libm.subdf3     0x002d1a          0x4 /opt/microchip/xc16/v1.24/bin/bin/../../lib/libm-elf.a(subdf3.eo)
                  0x002d1a                  ___subdf3
 .libm.mulsi3     0x002d1e          0xc /opt/microchip/xc16/v1.24/bin/bin/../../lib/libm-elf.a(mulsi3.eo)
                  0x002d1e                  ___mulp32eds3
                  0x002d1e                  ___mulp32peds3
                  0x002d1e                  ___mulsi3
 .libm.__PplusBdi
                  0x002d2a         0x28 /opt/microchip/xc16/v1.24/bin/bin/../../lib/libm-elf.a(divmoddi3.eo)
 .libm.__PminusBdi
                  0x002d52         0x4a /opt/microchip/xc16/v1.24/bin/bin/../../lib/libm-elf.a(divmoddi3.eo)
 .libm.__udivmoddi3
                  0x002d9c         0xe4 /opt/microchip/xc16/v1.24/bin/bin/../../lib/libm-elf.a(divmoddi3.eo)
                  0x002d9c                  ___udivmoddi3
 .libm.__udivdi3
                  0x002e80          0xe /opt/microchip/xc16/v1.24/bin/bin/../../lib/libm-elf.a(divmoddi3.eo)
                  0x002e80                  ___udivdi3
 .libm.__umoddi3
                  0x002e8e          0x8 /opt/microchip/xc16/v1.24/bin/bin/../../lib/libm-elf.a(divmoddi3.eo)
                  0x002e8e                  ___umoddi3
 .libm.__divdi3
                  0x002e96         0x60 /opt/microchip/xc16/v1.24/bin/bin/../../lib/libm-elf.a(divmoddi3.eo)
                  0x002e96                  ___divdi3
 .libm.__moddi3
                  0x002ef6         0x5c /opt/microchip/xc16/v1.24/bin/bin/../../lib/libm-elf.a(divmoddi3.eo)
                  0x002ef6                  ___moddi3
 .libm.__muldi3
                  0x002f52         0x52 /opt/microchip/xc16/v1.24/bin/bin/../../lib/libm-elf.a(muldi3.eo)
                  0x002f52                  ___muldi3
 .libm.dcompare
                  0x002fa4         0x52 /opt/microchip/xc16/v1.24/bin/bin/../../lib/libm-elf.a(dcompare.eo)
                  0x002fa4                  __dcompare
 .libm.dPropagateNaN
                  0x002ff6         0x1c /opt/microchip/xc16/v1.24/bin/bin/../../lib/libm-elf.a(dpropagateNaN.eo)
                  0x002ff6                  __dPropagateNaN
 .libm.dtype      0x003012         0x24 /opt/microchip/xc16/v1.24/bin/bin/../../lib/libm-elf.a(dtype.eo)
                  0x003012                  __dtype
 .libm.dunpack    0x003036         0x4e /opt/microchip/xc16/v1.24/bin/bin/../../lib/libm-elf.a(dunpack.eo)
                  0x003036                  __dunpack
 .libm.umuldi3    0x003084         0x44 /opt/microchip/xc16/v1.24/bin/bin/../../lib/libm-elf.a(umuldi3.eo)
                  0x003084                  ___umuldi3

usercode
 *(usercode)

__CONFIG2         0x00abfc          0x2
 *(__CONFIG2.sec)
 __CONFIG2.sec    0x00abfc          0x2 build/default/production/_ext/1472/SoftMain.o

__CONFIG1         0x00abfe          0x2
 *(__CONFIG1.sec)
 __CONFIG1.sec    0x00abfe          0x2 build/default/production/_ext/1472/SoftMain.o

.comment
 *(.comment)

.debug_info       0x000000       0xaff6
 *(.debug_info)
 .debug_info      0x000000        0x1c9 build/default/production/_ext/1472/SoftMain.o
 .debug_info      0x0001c9        0xc99 build/default/production/_ext/1168165985/ActAcc.o
 .debug_info      0x000e62        0x6e5 build/default/production/_ext/1168165985/EEtEprom.o
 .debug_info      0x001547       0x15c3 build/default/production/_ext/1168165985/IoTIO.o
 .debug_info      0x002b0a        0x75a build/default/production/_ext/1168165985/LCTLcd.o
 .debug_info      0x003264       0x1dce build/default/production/_ext/1168165985/MtTMotors.o
 .debug_info      0x005032        0x75a build/default/production/_ext/1168165985/NvTNovol.o
 .debug_info      0x00578c        0x47c build/default/production/_ext/1168165985/PtTProto.o
 .debug_info      0x005c08       0x15eb build/default/production/_ext/1168165985/RfTRadio.o
 .debug_info      0x0071f3        0x768 build/default/production/_ext/1168165985/SiTSio.o
 .debug_info      0x00795b        0x6e1 build/default/production/_ext/1168165985/TiTTImer.o
 .debug_info      0x00803c        0xd7a build/default/production/_ext/1168165985/I2Ti2c.o
 .debug_info      0x008db6        0x610 build/default/production/_ext/2014013214/LSApi.o
 .debug_info      0x0093c6        0x1cc build/default/production/_ext/607124742/LSACC.o
 .debug_info      0x009592        0x331 build/default/production/_ext/607124742/LSCOM.o
 .debug_info      0x0098c3        0x449 build/default/production/_ext/607124742/LSExec.o
 .debug_info      0x009d0c        0x358 build/default/production/_ext/607124742/LSIO.o
 .debug_info      0x00a064        0x2bc build/default/production/_ext/607124742/LSLcd.o
 .debug_info      0x00a320        0x4fe build/default/production/_ext/607124742/LSMotors.o
 .debug_info      0x00a81e        0x481 build/default/production/_ext/607124742/LSNVOL.o
 .debug_info      0x00ac9f        0x280 build/default/production/_ext/607124742/LSUSB.o
 .debug_info      0x00af1f         0xd7 build/default/production/_ext/1168165985/memory.o
 *(.gnu.linkonce.wi.*)

.debug_abbrev     0x000000       0x1863
 *(.debug_abbrev)
 .debug_abbrev    0x000000         0x58 build/default/production/_ext/1472/SoftMain.o
 .debug_abbrev    0x000058        0x18c build/default/production/_ext/1168165985/ActAcc.o
 .debug_abbrev    0x0001e4        0x14d build/default/production/_ext/1168165985/EEtEprom.o
 .debug_abbrev    0x000331        0x1e8 build/default/production/_ext/1168165985/IoTIO.o
 .debug_abbrev    0x000519        0x14a build/default/production/_ext/1168165985/LCTLcd.o
 .debug_abbrev    0x000663        0x222 build/default/production/_ext/1168165985/MtTMotors.o
 .debug_abbrev    0x000885        0x102 build/default/production/_ext/1168165985/NvTNovol.o
 .debug_abbrev    0x000987        0x108 build/default/production/_ext/1168165985/PtTProto.o
 .debug_abbrev    0x000a8f        0x265 build/default/production/_ext/1168165985/RfTRadio.o
 .debug_abbrev    0x000cf4        0x18d build/default/production/_ext/1168165985/SiTSio.o
 .debug_abbrev    0x000e81        0x189 build/default/production/_ext/1168165985/TiTTImer.o
 .debug_abbrev    0x00100a        0x15d build/default/production/_ext/1168165985/I2Ti2c.o
 .debug_abbrev    0x001167        0x15a build/default/production/_ext/2014013214/LSApi.o
 .debug_abbrev    0x0012c1         0x65 build/default/production/_ext/607124742/LSACC.o
 .debug_abbrev    0x001326         0xb7 build/default/production/_ext/607124742/LSCOM.o
 .debug_abbrev    0x0013dd        0x119 build/default/production/_ext/607124742/LSExec.o
 .debug_abbrev    0x0014f6         0x8a build/default/production/_ext/607124742/LSIO.o
 .debug_abbrev    0x001580         0x9b build/default/production/_ext/607124742/LSLcd.o
 .debug_abbrev    0x00161b         0xa0 build/default/production/_ext/607124742/LSMotors.o
 .debug_abbrev    0x0016bb         0xd7 build/default/production/_ext/607124742/LSNVOL.o
 .debug_abbrev    0x001792         0xbd build/default/production/_ext/607124742/LSUSB.o
 .debug_abbrev    0x00184f         0x14 build/default/production/_ext/1168165985/memory.o

.debug_line       0x000000       0x5d8d
 *(.debug_line)
 .debug_line      0x000000        0x19a build/default/production/_ext/1472/SoftMain.o
 .debug_line      0x00019a        0x507 build/default/production/_ext/1168165985/ActAcc.o
 .debug_line      0x0006a1        0x43d build/default/production/_ext/1168165985/EEtEprom.o
 .debug_line      0x000ade        0x862 build/default/production/_ext/1168165985/IoTIO.o
 .debug_line      0x001340        0x7b4 build/default/production/_ext/1168165985/LCTLcd.o
 .debug_line      0x001af4        0xed0 build/default/production/_ext/1168165985/MtTMotors.o
 .debug_line      0x0029c4        0x517 build/default/production/_ext/1168165985/NvTNovol.o
 .debug_line      0x002edb        0x60f build/default/production/_ext/1168165985/PtTProto.o
 .debug_line      0x0034ea        0xdb5 build/default/production/_ext/1168165985/RfTRadio.o
 .debug_line      0x00429f        0x22b build/default/production/_ext/1168165985/SiTSio.o
 .debug_line      0x0044ca        0x24d build/default/production/_ext/1168165985/TiTTImer.o
 .debug_line      0x004717        0x49d build/default/production/_ext/1168165985/I2Ti2c.o
 .debug_line      0x004bb4        0x21f build/default/production/_ext/2014013214/LSApi.o
 .debug_line      0x004dd3         0xc4 build/default/production/_ext/607124742/LSACC.o
 .debug_line      0x004e97        0x1c0 build/default/production/_ext/607124742/LSCOM.o
 .debug_line      0x005057        0x29f build/default/production/_ext/607124742/LSExec.o
 .debug_line      0x0052f6        0x213 build/default/production/_ext/607124742/LSIO.o
 .debug_line      0x005509        0x180 build/default/production/_ext/607124742/LSLcd.o
 .debug_line      0x005689        0x2a5 build/default/production/_ext/607124742/LSMotors.o
 .debug_line      0x00592e        0x24e build/default/production/_ext/607124742/LSNVOL.o
 .debug_line      0x005b7c        0x19c build/default/production/_ext/607124742/LSUSB.o
 .debug_line      0x005d18         0x75 build/default/production/_ext/1168165985/memory.o

.debug_frame      0x000000       0x14f8
 *(.debug_frame)
 .debug_frame     0x000000         0x6c build/default/production/_ext/1472/SoftMain.o
 .debug_frame     0x00006c        0x144 build/default/production/_ext/1168165985/ActAcc.o
 .debug_frame     0x0001b0         0xec build/default/production/_ext/1168165985/EEtEprom.o
 .debug_frame     0x00029c        0x1a4 build/default/production/_ext/1168165985/IoTIO.o
 .debug_frame     0x000440        0x224 build/default/production/_ext/1168165985/LCTLcd.o
 .debug_frame     0x000664        0x2a4 build/default/production/_ext/1168165985/MtTMotors.o
 .debug_frame     0x000908        0x134 build/default/production/_ext/1168165985/NvTNovol.o
 .debug_frame     0x000a3c         0x74 build/default/production/_ext/1168165985/PtTProto.o
 .debug_frame     0x000ab0        0x294 build/default/production/_ext/1168165985/RfTRadio.o
 .debug_frame     0x000d44         0x94 build/default/production/_ext/1168165985/SiTSio.o
 .debug_frame     0x000dd8         0x94 build/default/production/_ext/1168165985/TiTTImer.o
 .debug_frame     0x000e6c         0xf4 build/default/production/_ext/1168165985/I2Ti2c.o
 .debug_frame     0x000f60         0xa8 build/default/production/_ext/2014013214/LSApi.o
 .debug_frame     0x001008         0x44 build/default/production/_ext/607124742/LSACC.o
 .debug_frame     0x00104c         0xa4 build/default/production/_ext/607124742/LSCOM.o
 .debug_frame     0x0010f0         0xc4 build/default/production/_ext/607124742/LSExec.o
 .debug_frame     0x0011b4         0xc4 build/default/production/_ext/607124742/LSIO.o
 .debug_frame     0x001278         0x84 build/default/production/_ext/607124742/LSLcd.o
 .debug_frame     0x0012fc         0xf4 build/default/production/_ext/607124742/LSMotors.o
 .debug_frame     0x0013f0         0xa4 build/default/production/_ext/607124742/LSNVOL.o
 .debug_frame     0x001494         0x64 build/default/production/_ext/607124742/LSUSB.o

.debug_str        0x000000        0x39f
 *(.debug_str)
 .debug_str       0x000000         0x29 build/default/production/_ext/1168165985/ActAcc.o
 .debug_str       0x000029         0x16 build/default/production/_ext/1168165985/EEtEprom.o
 .debug_str       0x00003f         0x97 build/default/production/_ext/1168165985/IoTIO.o
 .debug_str       0x0000d6          0x9 build/default/production/_ext/1168165985/LCTLcd.o
 .debug_str       0x0000df         0xd9 build/default/production/_ext/1168165985/MtTMotors.o
 .debug_str       0x0001b8         0x22 build/default/production/_ext/1168165985/NvTNovol.o
 .debug_str       0x0001da          0xa build/default/production/_ext/1168165985/PtTProto.o
 .debug_str       0x0001e4         0x8a build/default/production/_ext/1168165985/RfTRadio.o
 .debug_str       0x00026e         0x1c build/default/production/_ext/1168165985/SiTSio.o
 .debug_str       0x00028a         0x34 build/default/production/_ext/1168165985/TiTTImer.o
 .debug_str       0x0002be         0x5f build/default/production/_ext/1168165985/I2Ti2c.o
 .debug_str       0x00031d         0x2a build/default/production/_ext/2014013214/LSApi.o
 .debug_str       0x000347          0xc build/default/production/_ext/607124742/LSCOM.o
 .debug_str       0x000353         0x1a build/default/production/_ext/607124742/LSExec.o
 .debug_str       0x00036d         0x24 build/default/production/_ext/607124742/LSMotors.o
 .debug_str       0x000391          0xe build/default/production/_ext/607124742/LSNVOL.o

.debug_loc
 *(.debug_loc)

.debug_macinfo
 *(.debug_macinfo)

.debug_pubnames
                  0x000000       0x13ae
 *(.debug_pubnames)
 .debug_pubnames
                  0x000000         0x35 build/default/production/_ext/1472/SoftMain.o
 .debug_pubnames
                  0x000035         0xaa build/default/production/_ext/1168165985/ActAcc.o
 .debug_pubnames
                  0x0000df         0xa6 build/default/production/_ext/1168165985/EEtEprom.o
 .debug_pubnames
                  0x000185        0x13b build/default/production/_ext/1168165985/IoTIO.o
 .debug_pubnames
                  0x0002c0        0x14e build/default/production/_ext/1168165985/LCTLcd.o
 .debug_pubnames
                  0x00040e        0x2bd build/default/production/_ext/1168165985/MtTMotors.o
 .debug_pubnames
                  0x0006cb        0x117 build/default/production/_ext/1168165985/NvTNovol.o
 .debug_pubnames
                  0x0007e2         0x72 build/default/production/_ext/1168165985/PtTProto.o
 .debug_pubnames
                  0x000854        0x2da build/default/production/_ext/1168165985/RfTRadio.o
 .debug_pubnames
                  0x000b2e         0x68 build/default/production/_ext/1168165985/SiTSio.o
 .debug_pubnames
                  0x000b96         0x91 build/default/production/_ext/1168165985/TiTTImer.o
 .debug_pubnames
                  0x000c27         0xc5 build/default/production/_ext/1168165985/I2Ti2c.o
 .debug_pubnames
                  0x000cec         0x71 build/default/production/_ext/2014013214/LSApi.o
 .debug_pubnames
                  0x000d5d         0x48 build/default/production/_ext/607124742/LSACC.o
 .debug_pubnames
                  0x000da5         0xfb build/default/production/_ext/607124742/LSCOM.o
 .debug_pubnames
                  0x000ea0        0x106 build/default/production/_ext/607124742/LSExec.o
 .debug_pubnames
                  0x000fa6        0x10b build/default/production/_ext/607124742/LSIO.o
 .debug_pubnames
                  0x0010b1         0x98 build/default/production/_ext/607124742/LSLcd.o
 .debug_pubnames
                  0x001149        0x13b build/default/production/_ext/607124742/LSMotors.o
 .debug_pubnames
                  0x001284         0xbd build/default/production/_ext/607124742/LSNVOL.o
 .debug_pubnames
                  0x001341         0x6d build/default/production/_ext/607124742/LSUSB.o

.debug_ranges
 *(.debug_ranges)

.debug_aranges    0x000000        0x210
 *(.debug_aranges)
 .debug_aranges
                  0x000000         0x18 build/default/production/_ext/1472/SoftMain.o
 .debug_aranges
                  0x000018         0x18 build/default/production/_ext/1168165985/ActAcc.o
 .debug_aranges
                  0x000030         0x18 build/default/production/_ext/1168165985/EEtEprom.o
 .debug_aranges
                  0x000048         0x18 build/default/production/_ext/1168165985/IoTIO.o
 .debug_aranges
                  0x000060         0x18 build/default/production/_ext/1168165985/LCTLcd.o
 .debug_aranges
                  0x000078         0x18 build/default/production/_ext/1168165985/MtTMotors.o
 .debug_aranges
                  0x000090         0x18 build/default/production/_ext/1168165985/NvTNovol.o
 .debug_aranges
                  0x0000a8         0x18 build/default/production/_ext/1168165985/PtTProto.o
 .debug_aranges
                  0x0000c0         0x18 build/default/production/_ext/1168165985/RfTRadio.o
 .debug_aranges
                  0x0000d8         0x18 build/default/production/_ext/1168165985/SiTSio.o
 .debug_aranges
                  0x0000f0         0x18 build/default/production/_ext/1168165985/TiTTImer.o
 .debug_aranges
                  0x000108         0x18 build/default/production/_ext/1168165985/I2Ti2c.o
 .debug_aranges
                  0x000120         0x18 build/default/production/_ext/2014013214/LSApi.o
 .debug_aranges
                  0x000138         0x18 build/default/production/_ext/607124742/LSACC.o
 .debug_aranges
                  0x000150         0x18 build/default/production/_ext/607124742/LSCOM.o
 .debug_aranges
                  0x000168         0x18 build/default/production/_ext/607124742/LSExec.o
 .debug_aranges
                  0x000180         0x18 build/default/production/_ext/607124742/LSIO.o
 .debug_aranges
                  0x000198         0x18 build/default/production/_ext/607124742/LSLcd.o
 .debug_aranges
                  0x0001b0         0x18 build/default/production/_ext/607124742/LSMotors.o
 .debug_aranges
                  0x0001c8         0x18 build/default/production/_ext/607124742/LSNVOL.o
 .debug_aranges
                  0x0001e0         0x18 build/default/production/_ext/607124742/LSUSB.o
 .debug_aranges
                  0x0001f8         0x18 build/default/production/_ext/1168165985/memory.o

.ivt              0x000004         0xfc
                  0x000004          0x4 LONG 0x7a3a DEFINED (__ReservedTrap0)?ABSOLUTE (__ReservedTrap0):ABSOLUTE (__DefaultInterrupt)
                  0x000006          0x4 LONG 0x7a3a DEFINED (__OscillatorFail)?ABSOLUTE (__OscillatorFail):ABSOLUTE (__DefaultInterrupt)
                  0x000008          0x4 LONG 0x7a3a DEFINED (__AddressError)?ABSOLUTE (__AddressError):ABSOLUTE (__DefaultInterrupt)
                  0x00000a          0x4 LONG 0x7a3a DEFINED (__StackError)?ABSOLUTE (__StackError):ABSOLUTE (__DefaultInterrupt)
                  0x00000c          0x4 LONG 0x7a3a DEFINED (__MathError)?ABSOLUTE (__MathError):ABSOLUTE (__DefaultInterrupt)
                  0x00000e          0x4 LONG 0x7a3a DEFINED (__ReservedTrap5)?ABSOLUTE (__ReservedTrap5):ABSOLUTE (__DefaultInterrupt)
                  0x000010          0x4 LONG 0x7a3a DEFINED (__ReservedTrap6)?ABSOLUTE (__ReservedTrap6):ABSOLUTE (__DefaultInterrupt)
                  0x000012          0x4 LONG 0x7a3a DEFINED (__ReservedTrap7)?ABSOLUTE (__ReservedTrap7):ABSOLUTE (__DefaultInterrupt)
                  0x000014          0x4 LONG 0x4b32 DEFINED (__INT0Interrupt)?ABSOLUTE (__INT0Interrupt):ABSOLUTE (__DefaultInterrupt)
                  0x000016          0x4 LONG 0x7a3a DEFINED (__IC1Interrupt)?ABSOLUTE (__IC1Interrupt):ABSOLUTE (__DefaultInterrupt)
                  0x000018          0x4 LONG 0x7a3a DEFINED (__OC1Interrupt)?ABSOLUTE (__OC1Interrupt):ABSOLUTE (__DefaultInterrupt)
                  0x00001a          0x4 LONG 0x7388 DEFINED (__T1Interrupt)?ABSOLUTE (__T1Interrupt):ABSOLUTE (__DefaultInterrupt)
                  0x00001c          0x4 LONG 0x7a3a DEFINED (__Interrupt4)?ABSOLUTE (__Interrupt4):ABSOLUTE (__DefaultInterrupt)
                  0x00001e          0x4 LONG 0x7a3a DEFINED (__IC2Interrupt)?ABSOLUTE (__IC2Interrupt):ABSOLUTE (__DefaultInterrupt)
                  0x000020          0x4 LONG 0x7a3a DEFINED (__OC2Interrupt)?ABSOLUTE (__OC2Interrupt):ABSOLUTE (__DefaultInterrupt)
                  0x000022          0x4 LONG 0x7a3a DEFINED (__T2Interrupt)?ABSOLUTE (__T2Interrupt):ABSOLUTE (__DefaultInterrupt)
                  0x000024          0x4 LONG 0x7a3a DEFINED (__T3Interrupt)?ABSOLUTE (__T3Interrupt):ABSOLUTE (__DefaultInterrupt)
                  0x000026          0x4 LONG 0x7a3a DEFINED (__SPI1ErrInterrupt)?ABSOLUTE (__SPI1ErrInterrupt):ABSOLUTE (__DefaultInterrupt)
                  0x000028          0x4 LONG 0x7a3a DEFINED (__SPI1Interrupt)?ABSOLUTE (__SPI1Interrupt):ABSOLUTE (__DefaultInterrupt)
                  0x00002a          0x4 LONG 0x7582 DEFINED (__U1RXInterrupt)?ABSOLUTE (__U1RXInterrupt):ABSOLUTE (__DefaultInterrupt)
                  0x00002c          0x4 LONG 0x7a3a DEFINED (__U1TXInterrupt)?ABSOLUTE (__U1TXInterrupt):ABSOLUTE (__DefaultInterrupt)
                  0x00002e          0x4 LONG 0x53ca DEFINED (__ADC1Interrupt)?ABSOLUTE (__ADC1Interrupt):ABSOLUTE (__DefaultInterrupt)
                  0x000030          0x4 LONG 0x7a3a DEFINED (__Interrupt14)?ABSOLUTE (__Interrupt14):ABSOLUTE (__DefaultInterrupt)
                  0x000032          0x4 LONG 0x7a3a DEFINED (__Interrupt15)?ABSOLUTE (__Interrupt15):ABSOLUTE (__DefaultInterrupt)
                  0x000034          0x4 LONG 0x7a3a DEFINED (__SI2C1Interrupt)?ABSOLUTE (__SI2C1Interrupt):ABSOLUTE (__DefaultInterrupt)
                  0x000036          0x4 LONG 0x7a3a DEFINED (__MI2C1Interrupt)?ABSOLUTE (__MI2C1Interrupt):ABSOLUTE (__DefaultInterrupt)
                  0x000038          0x4 LONG 0x7a3a DEFINED (__CompInterrupt)?ABSOLUTE (__CompInterrupt):ABSOLUTE (__DefaultInterrupt)
                  0x00003a          0x4 LONG 0x7a3a DEFINED (__CNInterrupt)?ABSOLUTE (__CNInterrupt):ABSOLUTE (__DefaultInterrupt)
                  0x00003c          0x4 LONG 0x7a3a DEFINED (__INT1Interrupt)?ABSOLUTE (__INT1Interrupt):ABSOLUTE (__DefaultInterrupt)
                  0x00003e          0x4 LONG 0x7a3a DEFINED (__Interrupt21)?ABSOLUTE (__Interrupt21):ABSOLUTE (__DefaultInterrupt)
                  0x000040          0x4 LONG 0x7a3a DEFINED (__Interrupt22)?ABSOLUTE (__Interrupt22):ABSOLUTE (__DefaultInterrupt)
                  0x000042          0x4 LONG 0x7a3a DEFINED (__Interrupt23)?ABSOLUTE (__Interrupt23):ABSOLUTE (__DefaultInterrupt)
                  0x000044          0x4 LONG 0x7a3a DEFINED (__Interrupt24)?ABSOLUTE (__Interrupt24):ABSOLUTE (__DefaultInterrupt)
                  0x000046          0x4 LONG 0x7a3a DEFINED (__OC3Interrupt)?ABSOLUTE (__OC3Interrupt):ABSOLUTE (__DefaultInterrupt)
                  0x000048          0x4 LONG 0x7a3a DEFINED (__OC4Interrupt)?ABSOLUTE (__OC4Interrupt):ABSOLUTE (__DefaultInterrupt)
                  0x00004a          0x4 LONG 0x7a3a DEFINED (__T4Interrupt)?ABSOLUTE (__T4Interrupt):ABSOLUTE (__DefaultInterrupt)
                  0x00004c          0x4 LONG 0x7a3a DEFINED (__T5Interrupt)?ABSOLUTE (__T5Interrupt):ABSOLUTE (__DefaultInterrupt)
                  0x00004e          0x4 LONG 0x7a3a DEFINED (__INT2Interrupt)?ABSOLUTE (__INT2Interrupt):ABSOLUTE (__DefaultInterrupt)
                  0x000050          0x4 LONG 0x7a3a DEFINED (__U2RXInterrupt)?ABSOLUTE (__U2RXInterrupt):ABSOLUTE (__DefaultInterrupt)
                  0x000052          0x4 LONG 0x7a3a DEFINED (__U2TXInterrupt)?ABSOLUTE (__U2TXInterrupt):ABSOLUTE (__DefaultInterrupt)
                  0x000054          0x4 LONG 0x7a3a DEFINED (__SPI2ErrInterrupt)?ABSOLUTE (__SPI2ErrInterrupt):ABSOLUTE (__DefaultInterrupt)
                  0x000056          0x4 LONG 0x7a3a DEFINED (__SPI2Interrupt)?ABSOLUTE (__SPI2Interrupt):ABSOLUTE (__DefaultInterrupt)
                  0x000058          0x4 LONG 0x7a3a DEFINED (__Interrupt34)?ABSOLUTE (__Interrupt34):ABSOLUTE (__DefaultInterrupt)
                  0x00005a          0x4 LONG 0x7a3a DEFINED (__Interrupt35)?ABSOLUTE (__Interrupt35):ABSOLUTE (__DefaultInterrupt)
                  0x00005c          0x4 LONG 0x7a3a DEFINED (__Interrupt36)?ABSOLUTE (__Interrupt36):ABSOLUTE (__DefaultInterrupt)
                  0x00005e          0x4 LONG 0x7a3a DEFINED (__IC3Interrupt)?ABSOLUTE (__IC3Interrupt):ABSOLUTE (__DefaultInterrupt)
                  0x000060          0x4 LONG 0x7a3a DEFINED (__IC4Interrupt)?ABSOLUTE (__IC4Interrupt):ABSOLUTE (__DefaultInterrupt)
                  0x000062          0x4 LONG 0x7a3a DEFINED (__IC5Interrupt)?ABSOLUTE (__IC5Interrupt):ABSOLUTE (__DefaultInterrupt)
                  0x000064          0x4 LONG 0x7a3a DEFINED (__Interrupt40)?ABSOLUTE (__Interrupt40):ABSOLUTE (__DefaultInterrupt)
                  0x000066          0x4 LONG 0x7a3a DEFINED (__OC5Interrupt)?ABSOLUTE (__OC5Interrupt):ABSOLUTE (__DefaultInterrupt)
                  0x000068          0x4 LONG 0x7a3a DEFINED (__Interrupt42)?ABSOLUTE (__Interrupt42):ABSOLUTE (__DefaultInterrupt)
                  0x00006a          0x4 LONG 0x7a3a DEFINED (__Interrupt43)?ABSOLUTE (__Interrupt43):ABSOLUTE (__DefaultInterrupt)
                  0x00006c          0x4 LONG 0x7a3a DEFINED (__Interrupt44)?ABSOLUTE (__Interrupt44):ABSOLUTE (__DefaultInterrupt)
                  0x00006e          0x4 LONG 0x7a3a DEFINED (__PMPInterrupt)?ABSOLUTE (__PMPInterrupt):ABSOLUTE (__DefaultInterrupt)
                  0x000070          0x4 LONG 0x7a3a DEFINED (__Interrupt46)?ABSOLUTE (__Interrupt46):ABSOLUTE (__DefaultInterrupt)
                  0x000072          0x4 LONG 0x7a3a DEFINED (__Interrupt47)?ABSOLUTE (__Interrupt47):ABSOLUTE (__DefaultInterrupt)
                  0x000074          0x4 LONG 0x7a3a DEFINED (__Interrupt48)?ABSOLUTE (__Interrupt48):ABSOLUTE (__DefaultInterrupt)
                  0x000076          0x4 LONG 0x7a3a DEFINED (__SI2C2Interrupt)?ABSOLUTE (__SI2C2Interrupt):ABSOLUTE (__DefaultInterrupt)
                  0x000078          0x4 LONG 0x7a3a DEFINED (__MI2C2Interrupt)?ABSOLUTE (__MI2C2Interrupt):ABSOLUTE (__DefaultInterrupt)
                  0x00007a          0x4 LONG 0x7a3a DEFINED (__Interrupt51)?ABSOLUTE (__Interrupt51):ABSOLUTE (__DefaultInterrupt)
                  0x00007c          0x4 LONG 0x7a3a DEFINED (__Interrupt52)?ABSOLUTE (__Interrupt52):ABSOLUTE (__DefaultInterrupt)
                  0x00007e          0x4 LONG 0x7a3a DEFINED (__INT3Interrupt)?ABSOLUTE (__INT3Interrupt):ABSOLUTE (__DefaultInterrupt)
                  0x000080          0x4 LONG 0x7a3a DEFINED (__INT4Interrupt)?ABSOLUTE (__INT4Interrupt):ABSOLUTE (__DefaultInterrupt)
                  0x000082          0x4 LONG 0x7a3a DEFINED (__Interrupt55)?ABSOLUTE (__Interrupt55):ABSOLUTE (__DefaultInterrupt)
                  0x000084          0x4 LONG 0x7a3a DEFINED (__Interrupt56)?ABSOLUTE (__Interrupt56):ABSOLUTE (__DefaultInterrupt)
                  0x000086          0x4 LONG 0x7a3a DEFINED (__Interrupt57)?ABSOLUTE (__Interrupt57):ABSOLUTE (__DefaultInterrupt)
                  0x000088          0x4 LONG 0x7a3a DEFINED (__Interrupt58)?ABSOLUTE (__Interrupt58):ABSOLUTE (__DefaultInterrupt)
                  0x00008a          0x4 LONG 0x7a3a DEFINED (__Interrupt59)?ABSOLUTE (__Interrupt59):ABSOLUTE (__DefaultInterrupt)
                  0x00008c          0x4 LONG 0x7a3a DEFINED (__Interrupt60)?ABSOLUTE (__Interrupt60):ABSOLUTE (__DefaultInterrupt)
                  0x00008e          0x4 LONG 0x7a3a DEFINED (__Interrupt61)?ABSOLUTE (__Interrupt61):ABSOLUTE (__DefaultInterrupt)
                  0x000090          0x4 LONG 0x7a3a DEFINED (__RTCCInterrupt)?ABSOLUTE (__RTCCInterrupt):ABSOLUTE (__DefaultInterrupt)
                  0x000092          0x4 LONG 0x7a3a DEFINED (__Interrupt63)?ABSOLUTE (__Interrupt63):ABSOLUTE (__DefaultInterrupt)
                  0x000094          0x4 LONG 0x7a3a DEFINED (__Interrupt64)?ABSOLUTE (__Interrupt64):ABSOLUTE (__DefaultInterrupt)
                  0x000096          0x4 LONG 0x7a3a DEFINED (__U1ErrInterrupt)?ABSOLUTE (__U1ErrInterrupt):ABSOLUTE (__DefaultInterrupt)
                  0x000098          0x4 LONG 0x7a3a DEFINED (__U2ErrInterrupt)?ABSOLUTE (__U2ErrInterrupt):ABSOLUTE (__DefaultInterrupt)
                  0x00009a          0x4 LONG 0x7a3a DEFINED (__CRCInterrupt)?ABSOLUTE (__CRCInterrupt):ABSOLUTE (__DefaultInterrupt)
                  0x00009c          0x4 LONG 0x7a3a DEFINED (__Interrupt68)?ABSOLUTE (__Interrupt68):ABSOLUTE (__DefaultInterrupt)
                  0x00009e          0x4 LONG 0x7a3a DEFINED (__Interrupt69)?ABSOLUTE (__Interrupt69):ABSOLUTE (__DefaultInterrupt)
                  0x0000a0          0x4 LONG 0x7a3a DEFINED (__Interrupt70)?ABSOLUTE (__Interrupt70):ABSOLUTE (__DefaultInterrupt)
                  0x0000a2          0x4 LONG 0x7a3a DEFINED (__Interrupt71)?ABSOLUTE (__Interrupt71):ABSOLUTE (__DefaultInterrupt)
                  0x0000a4          0x4 LONG 0x7a3a DEFINED (__Interrupt72)?ABSOLUTE (__Interrupt72):ABSOLUTE (__DefaultInterrupt)
                  0x0000a6          0x4 LONG 0x7a3a DEFINED (__Interrupt73)?ABSOLUTE (__Interrupt73):ABSOLUTE (__DefaultInterrupt)
                  0x0000a8          0x4 LONG 0x7a3a DEFINED (__Interrupt74)?ABSOLUTE (__Interrupt74):ABSOLUTE (__DefaultInterrupt)
                  0x0000aa          0x4 LONG 0x7a3a DEFINED (__Interrupt75)?ABSOLUTE (__Interrupt75):ABSOLUTE (__DefaultInterrupt)
                  0x0000ac          0x4 LONG 0x7a3a DEFINED (__Interrupt76)?ABSOLUTE (__Interrupt76):ABSOLUTE (__DefaultInterrupt)
                  0x0000ae          0x4 LONG 0x7a3a DEFINED (__Interrupt77)?ABSOLUTE (__Interrupt77):ABSOLUTE (__DefaultInterrupt)
                  0x0000b0          0x4 LONG 0x7a3a DEFINED (__Interrupt78)?ABSOLUTE (__Interrupt78):ABSOLUTE (__DefaultInterrupt)
                  0x0000b2          0x4 LONG 0x7a3a DEFINED (__Interrupt79)?ABSOLUTE (__Interrupt79):ABSOLUTE (__DefaultInterrupt)
                  0x0000b4          0x4 LONG 0x7a3a DEFINED (__Interrupt80)?ABSOLUTE (__Interrupt80):ABSOLUTE (__DefaultInterrupt)
                  0x0000b6          0x4 LONG 0x7a3a DEFINED (__Interrupt81)?ABSOLUTE (__Interrupt81):ABSOLUTE (__DefaultInterrupt)
                  0x0000b8          0x4 LONG 0x7a3a DEFINED (__Interrupt82)?ABSOLUTE (__Interrupt82):ABSOLUTE (__DefaultInterrupt)
                  0x0000ba          0x4 LONG 0x7a3a DEFINED (__Interrupt83)?ABSOLUTE (__Interrupt83):ABSOLUTE (__DefaultInterrupt)
                  0x0000bc          0x4 LONG 0x7a3a DEFINED (__Interrupt84)?ABSOLUTE (__Interrupt84):ABSOLUTE (__DefaultInterrupt)
                  0x0000be          0x4 LONG 0x7a3a DEFINED (__Interrupt85)?ABSOLUTE (__Interrupt85):ABSOLUTE (__DefaultInterrupt)
                  0x0000c0          0x4 LONG 0x7a3a DEFINED (__Interrupt86)?ABSOLUTE (__Interrupt86):ABSOLUTE (__DefaultInterrupt)
                  0x0000c2          0x4 LONG 0x7a3a DEFINED (__Interrupt87)?ABSOLUTE (__Interrupt87):ABSOLUTE (__DefaultInterrupt)
                  0x0000c4          0x4 LONG 0x7a3a DEFINED (__Interrupt88)?ABSOLUTE (__Interrupt88):ABSOLUTE (__DefaultInterrupt)
                  0x0000c6          0x4 LONG 0x7a3a DEFINED (__Interrupt89)?ABSOLUTE (__Interrupt89):ABSOLUTE (__DefaultInterrupt)
                  0x0000c8          0x4 LONG 0x7a3a DEFINED (__Interrupt90)?ABSOLUTE (__Interrupt90):ABSOLUTE (__DefaultInterrupt)
                  0x0000ca          0x4 LONG 0x7a3a DEFINED (__Interrupt91)?ABSOLUTE (__Interrupt91):ABSOLUTE (__DefaultInterrupt)
                  0x0000cc          0x4 LONG 0x7a3a DEFINED (__Interrupt92)?ABSOLUTE (__Interrupt92):ABSOLUTE (__DefaultInterrupt)
                  0x0000ce          0x4 LONG 0x7a3a DEFINED (__Interrupt93)?ABSOLUTE (__Interrupt93):ABSOLUTE (__DefaultInterrupt)
                  0x0000d0          0x4 LONG 0x7a3a DEFINED (__Interrupt94)?ABSOLUTE (__Interrupt94):ABSOLUTE (__DefaultInterrupt)
                  0x0000d2          0x4 LONG 0x7a3a DEFINED (__Interrupt95)?ABSOLUTE (__Interrupt95):ABSOLUTE (__DefaultInterrupt)
                  0x0000d4          0x4 LONG 0x7a3a DEFINED (__Interrupt96)?ABSOLUTE (__Interrupt96):ABSOLUTE (__DefaultInterrupt)
                  0x0000d6          0x4 LONG 0x7a3a DEFINED (__Interrupt97)?ABSOLUTE (__Interrupt97):ABSOLUTE (__DefaultInterrupt)
                  0x0000d8          0x4 LONG 0x7a3a DEFINED (__Interrupt98)?ABSOLUTE (__Interrupt98):ABSOLUTE (__DefaultInterrupt)
                  0x0000da          0x4 LONG 0x7a3a DEFINED (__Interrupt99)?ABSOLUTE (__Interrupt99):ABSOLUTE (__DefaultInterrupt)
                  0x0000dc          0x4 LONG 0x7a3a DEFINED (__Interrupt100)?ABSOLUTE (__Interrupt100):ABSOLUTE (__DefaultInterrupt)
                  0x0000de          0x4 LONG 0x7a3a DEFINED (__Interrupt101)?ABSOLUTE (__Interrupt101):ABSOLUTE (__DefaultInterrupt)
                  0x0000e0          0x4 LONG 0x7a3a DEFINED (__Interrupt102)?ABSOLUTE (__Interrupt102):ABSOLUTE (__DefaultInterrupt)
                  0x0000e2          0x4 LONG 0x7a3a DEFINED (__Interrupt103)?ABSOLUTE (__Interrupt103):ABSOLUTE (__DefaultInterrupt)
                  0x0000e4          0x4 LONG 0x7a3a DEFINED (__Interrupt104)?ABSOLUTE (__Interrupt104):ABSOLUTE (__DefaultInterrupt)
                  0x0000e6          0x4 LONG 0x7a3a DEFINED (__Interrupt105)?ABSOLUTE (__Interrupt105):ABSOLUTE (__DefaultInterrupt)
                  0x0000e8          0x4 LONG 0x7a3a DEFINED (__Interrupt106)?ABSOLUTE (__Interrupt106):ABSOLUTE (__DefaultInterrupt)
                  0x0000ea          0x4 LONG 0x7a3a DEFINED (__Interrupt107)?ABSOLUTE (__Interrupt107):ABSOLUTE (__DefaultInterrupt)
                  0x0000ec          0x4 LONG 0x7a3a DEFINED (__Interrupt108)?ABSOLUTE (__Interrupt108):ABSOLUTE (__DefaultInterrupt)
                  0x0000ee          0x4 LONG 0x7a3a DEFINED (__Interrupt109)?ABSOLUTE (__Interrupt109):ABSOLUTE (__DefaultInterrupt)
                  0x0000f0          0x4 LONG 0x7a3a DEFINED (__Interrupt110)?ABSOLUTE (__Interrupt110):ABSOLUTE (__DefaultInterrupt)
                  0x0000f2          0x4 LONG 0x7a3a DEFINED (__Interrupt111)?ABSOLUTE (__Interrupt111):ABSOLUTE (__DefaultInterrupt)
                  0x0000f4          0x4 LONG 0x7a3a DEFINED (__Interrupt112)?ABSOLUTE (__Interrupt112):ABSOLUTE (__DefaultInterrupt)
                  0x0000f6          0x4 LONG 0x7a3a DEFINED (__Interrupt113)?ABSOLUTE (__Interrupt113):ABSOLUTE (__DefaultInterrupt)
                  0x0000f8          0x4 LONG 0x7a3a DEFINED (__Interrupt114)?ABSOLUTE (__Interrupt114):ABSOLUTE (__DefaultInterrupt)
                  0x0000fa          0x4 LONG 0x7a3a DEFINED (__Interrupt115)?ABSOLUTE (__Interrupt115):ABSOLUTE (__DefaultInterrupt)
                  0x0000fc          0x4 LONG 0x7a3a DEFINED (__Interrupt116)?ABSOLUTE (__Interrupt116):ABSOLUTE (__DefaultInterrupt)
                  0x0000fe          0x4 LONG 0x7a3a DEFINED (__Interrupt117)?ABSOLUTE (__Interrupt117):ABSOLUTE (__DefaultInterrupt)

.aivt             0x000104         0xfc
                  0x000104          0x4 LONG 0x7a3a DEFINED (__AltReservedTrap0)?ABSOLUTE (__AltReservedTrap0):DEFINED (__ReservedTrap0)?ABSOLUTE (__ReservedTrap0):ABSOLUTE (__DefaultInterrupt)
                  0x000106          0x4 LONG 0x7a3a DEFINED (__AltOscillatorFail)?ABSOLUTE (__AltOscillatorFail):DEFINED (__OscillatorFail)?ABSOLUTE (__OscillatorFail):ABSOLUTE (__DefaultInterrupt)
                  0x000108          0x4 LONG 0x7a3a DEFINED (__AltAddressError)?ABSOLUTE (__AltAddressError):DEFINED (__AddressError)?ABSOLUTE (__AddressError):ABSOLUTE (__DefaultInterrupt)
                  0x00010a          0x4 LONG 0x7a3a DEFINED (__AltStackError)?ABSOLUTE (__AltStackError):DEFINED (__StackError)?ABSOLUTE (__StackError):ABSOLUTE (__DefaultInterrupt)
                  0x00010c          0x4 LONG 0x7a3a DEFINED (__AltMathError)?ABSOLUTE (__AltMathError):DEFINED (__MathError)?ABSOLUTE (__MathError):ABSOLUTE (__DefaultInterrupt)
                  0x00010e          0x4 LONG 0x7a3a DEFINED (__AltReservedTrap5)?ABSOLUTE (__AltReservedTrap5):DEFINED (__ReservedTrap5)?ABSOLUTE (__ReservedTrap5):ABSOLUTE (__DefaultInterrupt)
                  0x000110          0x4 LONG 0x7a3a DEFINED (__AltReservedTrap6)?ABSOLUTE (__AltReservedTrap6):DEFINED (__ReservedTrap6)?ABSOLUTE (__ReservedTrap6):ABSOLUTE (__DefaultInterrupt)
                  0x000112          0x4 LONG 0x7a3a DEFINED (__AltReservedTrap7)?ABSOLUTE (__AltReservedTrap7):DEFINED (__ReservedTrap7)?ABSOLUTE (__ReservedTrap7):ABSOLUTE (__DefaultInterrupt)
                  0x000114          0x4 LONG 0x4b32 DEFINED (__AltINT0Interrupt)?ABSOLUTE (__AltINT0Interrupt):DEFINED (__INT0Interrupt)?ABSOLUTE (__INT0Interrupt):ABSOLUTE (__DefaultInterrupt)
                  0x000116          0x4 LONG 0x7a3a DEFINED (__AltIC1Interrupt)?ABSOLUTE (__AltIC1Interrupt):DEFINED (__IC1Interrupt)?ABSOLUTE (__IC1Interrupt):ABSOLUTE (__DefaultInterrupt)
                  0x000118          0x4 LONG 0x7a3a DEFINED (__AltOC1Interrupt)?ABSOLUTE (__AltOC1Interrupt):DEFINED (__OC1Interrupt)?ABSOLUTE (__OC1Interrupt):ABSOLUTE (__DefaultInterrupt)
                  0x00011a          0x4 LONG 0x7388 DEFINED (__AltT1Interrupt)?ABSOLUTE (__AltT1Interrupt):DEFINED (__T1Interrupt)?ABSOLUTE (__T1Interrupt):ABSOLUTE (__DefaultInterrupt)
                  0x00011c          0x4 LONG 0x7a3a DEFINED (__AltInterrupt4)?ABSOLUTE (__AltInterrupt4):DEFINED (__Interrupt4)?ABSOLUTE (__Interrupt4):ABSOLUTE (__DefaultInterrupt)
                  0x00011e          0x4 LONG 0x7a3a DEFINED (__AltIC2Interrupt)?ABSOLUTE (__AltIC2Interrupt):DEFINED (__IC2Interrupt)?ABSOLUTE (__IC2Interrupt):ABSOLUTE (__DefaultInterrupt)
                  0x000120          0x4 LONG 0x7a3a DEFINED (__AltOC2Interrupt)?ABSOLUTE (__AltOC2Interrupt):DEFINED (__OC2Interrupt)?ABSOLUTE (__OC2Interrupt):ABSOLUTE (__DefaultInterrupt)
                  0x000122          0x4 LONG 0x7a3a DEFINED (__AltT2Interrupt)?ABSOLUTE (__AltT2Interrupt):DEFINED (__T2Interrupt)?ABSOLUTE (__T2Interrupt):ABSOLUTE (__DefaultInterrupt)
                  0x000124          0x4 LONG 0x7a3a DEFINED (__AltT3Interrupt)?ABSOLUTE (__AltT3Interrupt):DEFINED (__T3Interrupt)?ABSOLUTE (__T3Interrupt):ABSOLUTE (__DefaultInterrupt)
                  0x000126          0x4 LONG 0x7a3a DEFINED (__AltSPI1ErrInterrupt)?ABSOLUTE (__AltSPI1ErrInterrupt):DEFINED (__SPI1ErrInterrupt)?ABSOLUTE (__SPI1ErrInterrupt):ABSOLUTE (__DefaultInterrupt)
                  0x000128          0x4 LONG 0x7a3a DEFINED (__AltSPI1Interrupt)?ABSOLUTE (__AltSPI1Interrupt):DEFINED (__SPI1Interrupt)?ABSOLUTE (__SPI1Interrupt):ABSOLUTE (__DefaultInterrupt)
                  0x00012a          0x4 LONG 0x7582 DEFINED (__AltU1RXInterrupt)?ABSOLUTE (__AltU1RXInterrupt):DEFINED (__U1RXInterrupt)?ABSOLUTE (__U1RXInterrupt):ABSOLUTE (__DefaultInterrupt)
                  0x00012c          0x4 LONG 0x7a3a DEFINED (__AltU1TXInterrupt)?ABSOLUTE (__AltU1TXInterrupt):DEFINED (__U1TXInterrupt)?ABSOLUTE (__U1TXInterrupt):ABSOLUTE (__DefaultInterrupt)
                  0x00012e          0x4 LONG 0x53ca DEFINED (__AltADC1Interrupt)?ABSOLUTE (__AltADC1Interrupt):DEFINED (__ADC1Interrupt)?ABSOLUTE (__ADC1Interrupt):ABSOLUTE (__DefaultInterrupt)
                  0x000130          0x4 LONG 0x7a3a DEFINED (__AltInterrupt14)?ABSOLUTE (__AltInterrupt14):DEFINED (__Interrupt14)?ABSOLUTE (__Interrupt14):ABSOLUTE (__DefaultInterrupt)
                  0x000132          0x4 LONG 0x7a3a DEFINED (__AltInterrupt15)?ABSOLUTE (__AltInterrupt15):DEFINED (__Interrupt15)?ABSOLUTE (__Interrupt15):ABSOLUTE (__DefaultInterrupt)
                  0x000134          0x4 LONG 0x7a3a DEFINED (__AltSI2C1Interrupt)?ABSOLUTE (__AltSI2C1Interrupt):DEFINED (__SI2C1Interrupt)?ABSOLUTE (__SI2C1Interrupt):ABSOLUTE (__DefaultInterrupt)
                  0x000136          0x4 LONG 0x7a3a DEFINED (__AltMI2C1Interrupt)?ABSOLUTE (__AltMI2C1Interrupt):DEFINED (__MI2C1Interrupt)?ABSOLUTE (__MI2C1Interrupt):ABSOLUTE (__DefaultInterrupt)
                  0x000138          0x4 LONG 0x7a3a DEFINED (__AltCompInterrupt)?ABSOLUTE (__AltCompInterrupt):DEFINED (__CompInterrupt)?ABSOLUTE (__CompInterrupt):ABSOLUTE (__DefaultInterrupt)
                  0x00013a          0x4 LONG 0x7a3a DEFINED (__AltCNInterrupt)?ABSOLUTE (__AltCNInterrupt):DEFINED (__CNInterrupt)?ABSOLUTE (__CNInterrupt):ABSOLUTE (__DefaultInterrupt)
                  0x00013c          0x4 LONG 0x7a3a DEFINED (__AltINT1Interrupt)?ABSOLUTE (__AltINT1Interrupt):DEFINED (__INT1Interrupt)?ABSOLUTE (__INT1Interrupt):ABSOLUTE (__DefaultInterrupt)
                  0x00013e          0x4 LONG 0x7a3a DEFINED (__AltInterrupt21)?ABSOLUTE (__AltInterrupt21):DEFINED (__Interrupt21)?ABSOLUTE (__Interrupt21):ABSOLUTE (__DefaultInterrupt)
                  0x000140          0x4 LONG 0x7a3a DEFINED (__AltInterrupt22)?ABSOLUTE (__AltInterrupt22):DEFINED (__Interrupt22)?ABSOLUTE (__Interrupt22):ABSOLUTE (__DefaultInterrupt)
                  0x000142          0x4 LONG 0x7a3a DEFINED (__AltInterrupt23)?ABSOLUTE (__AltInterrupt23):DEFINED (__Interrupt23)?ABSOLUTE (__Interrupt23):ABSOLUTE (__DefaultInterrupt)
                  0x000144          0x4 LONG 0x7a3a DEFINED (__AltInterrupt24)?ABSOLUTE (__AltInterrupt24):DEFINED (__Interrupt24)?ABSOLUTE (__Interrupt24):ABSOLUTE (__DefaultInterrupt)
                  0x000146          0x4 LONG 0x7a3a DEFINED (__AltOC3Interrupt)?ABSOLUTE (__AltOC3Interrupt):DEFINED (__OC3Interrupt)?ABSOLUTE (__OC3Interrupt):ABSOLUTE (__DefaultInterrupt)
                  0x000148          0x4 LONG 0x7a3a DEFINED (__AltOC4Interrupt)?ABSOLUTE (__AltOC4Interrupt):DEFINED (__OC4Interrupt)?ABSOLUTE (__OC4Interrupt):ABSOLUTE (__DefaultInterrupt)
                  0x00014a          0x4 LONG 0x7a3a DEFINED (__AltT4Interrupt)?ABSOLUTE (__AltT4Interrupt):DEFINED (__T4Interrupt)?ABSOLUTE (__T4Interrupt):ABSOLUTE (__DefaultInterrupt)
                  0x00014c          0x4 LONG 0x7a3a DEFINED (__AltT5Interrupt)?ABSOLUTE (__AltT5Interrupt):DEFINED (__T5Interrupt)?ABSOLUTE (__T5Interrupt):ABSOLUTE (__DefaultInterrupt)
                  0x00014e          0x4 LONG 0x7a3a DEFINED (__AltINT2Interrupt)?ABSOLUTE (__AltINT2Interrupt):DEFINED (__INT2Interrupt)?ABSOLUTE (__INT2Interrupt):ABSOLUTE (__DefaultInterrupt)
                  0x000150          0x4 LONG 0x7a3a DEFINED (__AltU2RXInterrupt)?ABSOLUTE (__AltU2RXInterrupt):DEFINED (__U2RXInterrupt)?ABSOLUTE (__U2RXInterrupt):ABSOLUTE (__DefaultInterrupt)
                  0x000152          0x4 LONG 0x7a3a DEFINED (__AltU2TXInterrupt)?ABSOLUTE (__AltU2TXInterrupt):DEFINED (__U2TXInterrupt)?ABSOLUTE (__U2TXInterrupt):ABSOLUTE (__DefaultInterrupt)
                  0x000154          0x4 LONG 0x7a3a DEFINED (__AltSPI2ErrInterrupt)?ABSOLUTE (__AltSPI2ErrInterrupt):DEFINED (__SPI2ErrInterrupt)?ABSOLUTE (__SPI2ErrInterrupt):ABSOLUTE (__DefaultInterrupt)
                  0x000156          0x4 LONG 0x7a3a DEFINED (__AltSPI2Interrupt)?ABSOLUTE (__AltSPI2Interrupt):DEFINED (__SPI2Interrupt)?ABSOLUTE (__SPI2Interrupt):ABSOLUTE (__DefaultInterrupt)
                  0x000158          0x4 LONG 0x7a3a DEFINED (__AltInterrupt34)?ABSOLUTE (__AltInterrupt34):DEFINED (__Interrupt34)?ABSOLUTE (__Interrupt34):ABSOLUTE (__DefaultInterrupt)
                  0x00015a          0x4 LONG 0x7a3a DEFINED (__AltInterrupt35)?ABSOLUTE (__AltInterrupt35):DEFINED (__Interrupt35)?ABSOLUTE (__Interrupt35):ABSOLUTE (__DefaultInterrupt)
                  0x00015c          0x4 LONG 0x7a3a DEFINED (__AltInterrupt36)?ABSOLUTE (__AltInterrupt36):DEFINED (__Interrupt36)?ABSOLUTE (__Interrupt36):ABSOLUTE (__DefaultInterrupt)
                  0x00015e          0x4 LONG 0x7a3a DEFINED (__AltIC3Interrupt)?ABSOLUTE (__AltIC3Interrupt):DEFINED (__IC3Interrupt)?ABSOLUTE (__IC3Interrupt):ABSOLUTE (__DefaultInterrupt)
                  0x000160          0x4 LONG 0x7a3a DEFINED (__AltIC4Interrupt)?ABSOLUTE (__AltIC4Interrupt):DEFINED (__IC4Interrupt)?ABSOLUTE (__IC4Interrupt):ABSOLUTE (__DefaultInterrupt)
                  0x000162          0x4 LONG 0x7a3a DEFINED (__AltIC5Interrupt)?ABSOLUTE (__AltIC5Interrupt):DEFINED (__IC5Interrupt)?ABSOLUTE (__IC5Interrupt):ABSOLUTE (__DefaultInterrupt)
                  0x000164          0x4 LONG 0x7a3a DEFINED (__AltInterrupt40)?ABSOLUTE (__AltInterrupt40):DEFINED (__Interrupt40)?ABSOLUTE (__Interrupt40):ABSOLUTE (__DefaultInterrupt)
                  0x000166          0x4 LONG 0x7a3a DEFINED (__AltOC5Interrupt)?ABSOLUTE (__AltOC5Interrupt):DEFINED (__OC5Interrupt)?ABSOLUTE (__OC5Interrupt):ABSOLUTE (__DefaultInterrupt)
                  0x000168          0x4 LONG 0x7a3a DEFINED (__AltInterrupt42)?ABSOLUTE (__AltInterrupt42):DEFINED (__Interrupt42)?ABSOLUTE (__Interrupt42):ABSOLUTE (__DefaultInterrupt)
                  0x00016a          0x4 LONG 0x7a3a DEFINED (__AltInterrupt43)?ABSOLUTE (__AltInterrupt43):DEFINED (__Interrupt43)?ABSOLUTE (__Interrupt43):ABSOLUTE (__DefaultInterrupt)
                  0x00016c          0x4 LONG 0x7a3a DEFINED (__AltInterrupt44)?ABSOLUTE (__AltInterrupt44):DEFINED (__Interrupt44)?ABSOLUTE (__Interrupt44):ABSOLUTE (__DefaultInterrupt)
                  0x00016e          0x4 LONG 0x7a3a DEFINED (__AltPMPInterrupt)?ABSOLUTE (__AltPMPInterrupt):DEFINED (__PMPInterrupt)?ABSOLUTE (__PMPInterrupt):ABSOLUTE (__DefaultInterrupt)
                  0x000170          0x4 LONG 0x7a3a DEFINED (__AltInterrupt46)?ABSOLUTE (__AltInterrupt46):DEFINED (__Interrupt46)?ABSOLUTE (__Interrupt46):ABSOLUTE (__DefaultInterrupt)
                  0x000172          0x4 LONG 0x7a3a DEFINED (__AltInterrupt47)?ABSOLUTE (__AltInterrupt47):DEFINED (__Interrupt47)?ABSOLUTE (__Interrupt47):ABSOLUTE (__DefaultInterrupt)
                  0x000174          0x4 LONG 0x7a3a DEFINED (__AltInterrupt48)?ABSOLUTE (__AltInterrupt48):DEFINED (__Interrupt48)?ABSOLUTE (__Interrupt48):ABSOLUTE (__DefaultInterrupt)
                  0x000176          0x4 LONG 0x7a3a DEFINED (__AltSI2C2Interrupt)?ABSOLUTE (__AltSI2C2Interrupt):DEFINED (__SI2C2Interrupt)?ABSOLUTE (__SI2C2Interrupt):ABSOLUTE (__DefaultInterrupt)
                  0x000178          0x4 LONG 0x7a3a DEFINED (__AltMI2C2Interrupt)?ABSOLUTE (__AltMI2C2Interrupt):DEFINED (__MI2C2Interrupt)?ABSOLUTE (__MI2C2Interrupt):ABSOLUTE (__DefaultInterrupt)
                  0x00017a          0x4 LONG 0x7a3a DEFINED (__AltInterrupt51)?ABSOLUTE (__AltInterrupt51):DEFINED (__Interrupt51)?ABSOLUTE (__Interrupt51):ABSOLUTE (__DefaultInterrupt)
                  0x00017c          0x4 LONG 0x7a3a DEFINED (__AltInterrupt52)?ABSOLUTE (__AltInterrupt52):DEFINED (__Interrupt52)?ABSOLUTE (__Interrupt52):ABSOLUTE (__DefaultInterrupt)
                  0x00017e          0x4 LONG 0x7a3a DEFINED (__AltINT3Interrupt)?ABSOLUTE (__AltINT3Interrupt):DEFINED (__INT3Interrupt)?ABSOLUTE (__INT3Interrupt):ABSOLUTE (__DefaultInterrupt)
                  0x000180          0x4 LONG 0x7a3a DEFINED (__AltINT4Interrupt)?ABSOLUTE (__AltINT4Interrupt):DEFINED (__INT4Interrupt)?ABSOLUTE (__INT4Interrupt):ABSOLUTE (__DefaultInterrupt)
                  0x000182          0x4 LONG 0x7a3a DEFINED (__AltInterrupt55)?ABSOLUTE (__AltInterrupt55):DEFINED (__Interrupt55)?ABSOLUTE (__Interrupt55):ABSOLUTE (__DefaultInterrupt)
                  0x000184          0x4 LONG 0x7a3a DEFINED (__AltInterrupt56)?ABSOLUTE (__AltInterrupt56):DEFINED (__Interrupt56)?ABSOLUTE (__Interrupt56):ABSOLUTE (__DefaultInterrupt)
                  0x000186          0x4 LONG 0x7a3a DEFINED (__AltInterrupt57)?ABSOLUTE (__AltInterrupt57):DEFINED (__Interrupt57)?ABSOLUTE (__Interrupt57):ABSOLUTE (__DefaultInterrupt)
                  0x000188          0x4 LONG 0x7a3a DEFINED (__AltInterrupt58)?ABSOLUTE (__AltInterrupt58):DEFINED (__Interrupt58)?ABSOLUTE (__Interrupt58):ABSOLUTE (__DefaultInterrupt)
                  0x00018a          0x4 LONG 0x7a3a DEFINED (__AltInterrupt59)?ABSOLUTE (__AltInterrupt59):DEFINED (__Interrupt59)?ABSOLUTE (__Interrupt59):ABSOLUTE (__DefaultInterrupt)
                  0x00018c          0x4 LONG 0x7a3a DEFINED (__AltInterrupt60)?ABSOLUTE (__AltInterrupt60):DEFINED (__Interrupt60)?ABSOLUTE (__Interrupt60):ABSOLUTE (__DefaultInterrupt)
                  0x00018e          0x4 LONG 0x7a3a DEFINED (__AltInterrupt61)?ABSOLUTE (__AltInterrupt61):DEFINED (__Interrupt61)?ABSOLUTE (__Interrupt61):ABSOLUTE (__DefaultInterrupt)
                  0x000190          0x4 LONG 0x7a3a DEFINED (__AltRTCCInterrupt)?ABSOLUTE (__AltRTCCInterrupt):DEFINED (__RTCCInterrupt)?ABSOLUTE (__RTCCInterrupt):ABSOLUTE (__DefaultInterrupt)
                  0x000192          0x4 LONG 0x7a3a DEFINED (__AltInterrupt63)?ABSOLUTE (__AltInterrupt63):DEFINED (__Interrupt63)?ABSOLUTE (__Interrupt63):ABSOLUTE (__DefaultInterrupt)
                  0x000194          0x4 LONG 0x7a3a DEFINED (__AltInterrupt64)?ABSOLUTE (__AltInterrupt64):DEFINED (__Interrupt64)?ABSOLUTE (__Interrupt64):ABSOLUTE (__DefaultInterrupt)
                  0x000196          0x4 LONG 0x7a3a DEFINED (__AltU1ErrInterrupt)?ABSOLUTE (__AltU1ErrInterrupt):DEFINED (__U1ErrInterrupt)?ABSOLUTE (__U1ErrInterrupt):ABSOLUTE (__DefaultInterrupt)
                  0x000198          0x4 LONG 0x7a3a DEFINED (__AltU2ErrInterrupt)?ABSOLUTE (__AltU2ErrInterrupt):DEFINED (__U2ErrInterrupt)?ABSOLUTE (__U2ErrInterrupt):ABSOLUTE (__DefaultInterrupt)
                  0x00019a          0x4 LONG 0x7a3a DEFINED (__AltCRCInterrupt)?ABSOLUTE (__AltCRCInterrupt):DEFINED (__CRCInterrupt)?ABSOLUTE (__CRCInterrupt):ABSOLUTE (__DefaultInterrupt)
                  0x00019c          0x4 LONG 0x7a3a DEFINED (__AltInterrupt68)?ABSOLUTE (__AltInterrupt68):DEFINED (__Interrupt68)?ABSOLUTE (__Interrupt68):ABSOLUTE (__DefaultInterrupt)
                  0x00019e          0x4 LONG 0x7a3a DEFINED (__AltInterrupt69)?ABSOLUTE (__AltInterrupt69):DEFINED (__Interrupt69)?ABSOLUTE (__Interrupt69):ABSOLUTE (__DefaultInterrupt)
                  0x0001a0          0x4 LONG 0x7a3a DEFINED (__AltInterrupt70)?ABSOLUTE (__AltInterrupt70):DEFINED (__Interrupt70)?ABSOLUTE (__Interrupt70):ABSOLUTE (__DefaultInterrupt)
                  0x0001a2          0x4 LONG 0x7a3a DEFINED (__AltInterrupt71)?ABSOLUTE (__AltInterrupt71):DEFINED (__Interrupt71)?ABSOLUTE (__Interrupt71):ABSOLUTE (__DefaultInterrupt)
                  0x0001a4          0x4 LONG 0x7a3a DEFINED (__AltInterrupt72)?ABSOLUTE (__AltInterrupt72):DEFINED (__Interrupt72)?ABSOLUTE (__Interrupt72):ABSOLUTE (__DefaultInterrupt)
                  0x0001a6          0x4 LONG 0x7a3a DEFINED (__AltInterrupt73)?ABSOLUTE (__AltInterrupt73):DEFINED (__Interrupt73)?ABSOLUTE (__Interrupt73):ABSOLUTE (__DefaultInterrupt)
                  0x0001a8          0x4 LONG 0x7a3a DEFINED (__AltInterrupt74)?ABSOLUTE (__AltInterrupt74):DEFINED (__Interrupt74)?ABSOLUTE (__Interrupt74):ABSOLUTE (__DefaultInterrupt)
                  0x0001aa          0x4 LONG 0x7a3a DEFINED (__AltInterrupt75)?ABSOLUTE (__AltInterrupt75):DEFINED (__Interrupt75)?ABSOLUTE (__Interrupt75):ABSOLUTE (__DefaultInterrupt)
                  0x0001ac          0x4 LONG 0x7a3a DEFINED (__AltInterrupt76)?ABSOLUTE (__AltInterrupt76):DEFINED (__Interrupt76)?ABSOLUTE (__Interrupt76):ABSOLUTE (__DefaultInterrupt)
                  0x0001ae          0x4 LONG 0x7a3a DEFINED (__AltInterrupt77)?ABSOLUTE (__AltInterrupt77):DEFINED (__Interrupt77)?ABSOLUTE (__Interrupt77):ABSOLUTE (__DefaultInterrupt)
                  0x0001b0          0x4 LONG 0x7a3a DEFINED (__AltInterrupt78)?ABSOLUTE (__AltInterrupt78):DEFINED (__Interrupt78)?ABSOLUTE (__Interrupt78):ABSOLUTE (__DefaultInterrupt)
                  0x0001b2          0x4 LONG 0x7a3a DEFINED (__AltInterrupt79)?ABSOLUTE (__AltInterrupt79):DEFINED (__Interrupt79)?ABSOLUTE (__Interrupt79):ABSOLUTE (__DefaultInterrupt)
                  0x0001b4          0x4 LONG 0x7a3a DEFINED (__AltInterrupt80)?ABSOLUTE (__AltInterrupt80):DEFINED (__Interrupt80)?ABSOLUTE (__Interrupt80):ABSOLUTE (__DefaultInterrupt)
                  0x0001b6          0x4 LONG 0x7a3a DEFINED (__AltInterrupt81)?ABSOLUTE (__AltInterrupt81):DEFINED (__Interrupt81)?ABSOLUTE (__Interrupt81):ABSOLUTE (__DefaultInterrupt)
                  0x0001b8          0x4 LONG 0x7a3a DEFINED (__AltInterrupt82)?ABSOLUTE (__AltInterrupt82):DEFINED (__Interrupt82)?ABSOLUTE (__Interrupt82):ABSOLUTE (__DefaultInterrupt)
                  0x0001ba          0x4 LONG 0x7a3a DEFINED (__AltInterrupt83)?ABSOLUTE (__AltInterrupt83):DEFINED (__Interrupt83)?ABSOLUTE (__Interrupt83):ABSOLUTE (__DefaultInterrupt)
                  0x0001bc          0x4 LONG 0x7a3a DEFINED (__AltInterrupt84)?ABSOLUTE (__AltInterrupt84):DEFINED (__Interrupt84)?ABSOLUTE (__Interrupt84):ABSOLUTE (__DefaultInterrupt)
                  0x0001be          0x4 LONG 0x7a3a DEFINED (__AltInterrupt85)?ABSOLUTE (__AltInterrupt85):DEFINED (__Interrupt85)?ABSOLUTE (__Interrupt85):ABSOLUTE (__DefaultInterrupt)
                  0x0001c0          0x4 LONG 0x7a3a DEFINED (__AltInterrupt86)?ABSOLUTE (__AltInterrupt86):DEFINED (__Interrupt86)?ABSOLUTE (__Interrupt86):ABSOLUTE (__DefaultInterrupt)
                  0x0001c2          0x4 LONG 0x7a3a DEFINED (__AltInterrupt87)?ABSOLUTE (__AltInterrupt87):DEFINED (__Interrupt87)?ABSOLUTE (__Interrupt87):ABSOLUTE (__DefaultInterrupt)
                  0x0001c4          0x4 LONG 0x7a3a DEFINED (__AltInterrupt88)?ABSOLUTE (__AltInterrupt88):DEFINED (__Interrupt88)?ABSOLUTE (__Interrupt88):ABSOLUTE (__DefaultInterrupt)
                  0x0001c6          0x4 LONG 0x7a3a DEFINED (__AltInterrupt89)?ABSOLUTE (__AltInterrupt89):DEFINED (__Interrupt89)?ABSOLUTE (__Interrupt89):ABSOLUTE (__DefaultInterrupt)
                  0x0001c8          0x4 LONG 0x7a3a DEFINED (__AltInterrupt90)?ABSOLUTE (__AltInterrupt90):DEFINED (__Interrupt90)?ABSOLUTE (__Interrupt90):ABSOLUTE (__DefaultInterrupt)
                  0x0001ca          0x4 LONG 0x7a3a DEFINED (__AltInterrupt91)?ABSOLUTE (__AltInterrupt91):DEFINED (__Interrupt91)?ABSOLUTE (__Interrupt91):ABSOLUTE (__DefaultInterrupt)
                  0x0001cc          0x4 LONG 0x7a3a DEFINED (__AltInterrupt92)?ABSOLUTE (__AltInterrupt92):DEFINED (__Interrupt92)?ABSOLUTE (__Interrupt92):ABSOLUTE (__DefaultInterrupt)
                  0x0001ce          0x4 LONG 0x7a3a DEFINED (__AltInterrupt93)?ABSOLUTE (__AltInterrupt93):DEFINED (__Interrupt93)?ABSOLUTE (__Interrupt93):ABSOLUTE (__DefaultInterrupt)
                  0x0001d0          0x4 LONG 0x7a3a DEFINED (__AltInterrupt94)?ABSOLUTE (__AltInterrupt94):DEFINED (__Interrupt94)?ABSOLUTE (__Interrupt94):ABSOLUTE (__DefaultInterrupt)
                  0x0001d2          0x4 LONG 0x7a3a DEFINED (__AltInterrupt95)?ABSOLUTE (__AltInterrupt95):DEFINED (__Interrupt95)?ABSOLUTE (__Interrupt95):ABSOLUTE (__DefaultInterrupt)
                  0x0001d4          0x4 LONG 0x7a3a DEFINED (__AltInterrupt96)?ABSOLUTE (__AltInterrupt96):DEFINED (__Interrupt96)?ABSOLUTE (__Interrupt96):ABSOLUTE (__DefaultInterrupt)
                  0x0001d6          0x4 LONG 0x7a3a DEFINED (__AltInterrupt97)?ABSOLUTE (__AltInterrupt97):DEFINED (__Interrupt97)?ABSOLUTE (__Interrupt97):ABSOLUTE (__DefaultInterrupt)
                  0x0001d8          0x4 LONG 0x7a3a DEFINED (__AltInterrupt98)?ABSOLUTE (__AltInterrupt98):DEFINED (__Interrupt98)?ABSOLUTE (__Interrupt98):ABSOLUTE (__DefaultInterrupt)
                  0x0001da          0x4 LONG 0x7a3a DEFINED (__AltInterrupt99)?ABSOLUTE (__AltInterrupt99):DEFINED (__Interrupt99)?ABSOLUTE (__Interrupt99):ABSOLUTE (__DefaultInterrupt)
                  0x0001dc          0x4 LONG 0x7a3a DEFINED (__AltInterrupt100)?ABSOLUTE (__AltInterrupt100):DEFINED (__Interrupt100)?ABSOLUTE (__Interrupt100):ABSOLUTE (__DefaultInterrupt)
                  0x0001de          0x4 LONG 0x7a3a DEFINED (__AltInterrupt101)?ABSOLUTE (__AltInterrupt101):DEFINED (__Interrupt101)?ABSOLUTE (__Interrupt101):ABSOLUTE (__DefaultInterrupt)
                  0x0001e0          0x4 LONG 0x7a3a DEFINED (__AltInterrupt102)?ABSOLUTE (__AltInterrupt102):DEFINED (__Interrupt102)?ABSOLUTE (__Interrupt102):ABSOLUTE (__DefaultInterrupt)
                  0x0001e2          0x4 LONG 0x7a3a DEFINED (__AltInterrupt103)?ABSOLUTE (__AltInterrupt103):DEFINED (__Interrupt103)?ABSOLUTE (__Interrupt103):ABSOLUTE (__DefaultInterrupt)
                  0x0001e4          0x4 LONG 0x7a3a DEFINED (__AltInterrupt104)?ABSOLUTE (__AltInterrupt104):DEFINED (__Interrupt104)?ABSOLUTE (__Interrupt104):ABSOLUTE (__DefaultInterrupt)
                  0x0001e6          0x4 LONG 0x7a3a DEFINED (__AltInterrupt105)?ABSOLUTE (__AltInterrupt105):DEFINED (__Interrupt105)?ABSOLUTE (__Interrupt105):ABSOLUTE (__DefaultInterrupt)
                  0x0001e8          0x4 LONG 0x7a3a DEFINED (__AltInterrupt106)?ABSOLUTE (__AltInterrupt106):DEFINED (__Interrupt106)?ABSOLUTE (__Interrupt106):ABSOLUTE (__DefaultInterrupt)
                  0x0001ea          0x4 LONG 0x7a3a DEFINED (__AltInterrupt107)?ABSOLUTE (__AltInterrupt107):DEFINED (__Interrupt107)?ABSOLUTE (__Interrupt107):ABSOLUTE (__DefaultInterrupt)
                  0x0001ec          0x4 LONG 0x7a3a DEFINED (__AltInterrupt108)?ABSOLUTE (__AltInterrupt108):DEFINED (__Interrupt108)?ABSOLUTE (__Interrupt108):ABSOLUTE (__DefaultInterrupt)
                  0x0001ee          0x4 LONG 0x7a3a DEFINED (__AltInterrupt109)?ABSOLUTE (__AltInterrupt109):DEFINED (__Interrupt109)?ABSOLUTE (__Interrupt109):ABSOLUTE (__DefaultInterrupt)
                  0x0001f0          0x4 LONG 0x7a3a DEFINED (__AltInterrupt110)?ABSOLUTE (__AltInterrupt110):DEFINED (__Interrupt110)?ABSOLUTE (__Interrupt110):ABSOLUTE (__DefaultInterrupt)
                  0x0001f2          0x4 LONG 0x7a3a DEFINED (__AltInterrupt111)?ABSOLUTE (__AltInterrupt111):DEFINED (__Interrupt111)?ABSOLUTE (__Interrupt111):ABSOLUTE (__DefaultInterrupt)
                  0x0001f4          0x4 LONG 0x7a3a DEFINED (__AltInterrupt112)?ABSOLUTE (__AltInterrupt112):DEFINED (__Interrupt112)?ABSOLUTE (__Interrupt112):ABSOLUTE (__DefaultInterrupt)
                  0x0001f6          0x4 LONG 0x7a3a DEFINED (__AltInterrupt113)?ABSOLUTE (__AltInterrupt113):DEFINED (__Interrupt113)?ABSOLUTE (__Interrupt113):ABSOLUTE (__DefaultInterrupt)
                  0x0001f8          0x4 LONG 0x7a3a DEFINED (__AltInterrupt114)?ABSOLUTE (__AltInterrupt114):DEFINED (__Interrupt114)?ABSOLUTE (__Interrupt114):ABSOLUTE (__DefaultInterrupt)
                  0x0001fa          0x4 LONG 0x7a3a DEFINED (__AltInterrupt115)?ABSOLUTE (__AltInterrupt115):DEFINED (__Interrupt115)?ABSOLUTE (__Interrupt115):ABSOLUTE (__DefaultInterrupt)
                  0x0001fc          0x4 LONG 0x7a3a DEFINED (__AltInterrupt116)?ABSOLUTE (__AltInterrupt116):DEFINED (__Interrupt116)?ABSOLUTE (__Interrupt116):ABSOLUTE (__DefaultInterrupt)
                  0x0001fe          0x4 LONG 0x7a3a DEFINED (__AltInterrupt117)?ABSOLUTE (__AltInterrupt117):DEFINED (__Interrupt117)?ABSOLUTE (__Interrupt117):ABSOLUTE (__DefaultInterrupt)
                    0x0000                  WREG0 = 0x0
                    0x0000                  _WREG0 = 0x0
                    0x0002                  WREG1 = 0x2
                    0x0002                  _WREG1 = 0x2
                    0x0004                  WREG2 = 0x4
                    0x0004                  _WREG2 = 0x4
                    0x0006                  WREG3 = 0x6
                    0x0006                  _WREG3 = 0x6
                    0x0008                  WREG4 = 0x8
                    0x0008                  _WREG4 = 0x8
                    0x000a                  WREG5 = 0xa
                    0x000a                  _WREG5 = 0xa
                    0x000c                  WREG6 = 0xc
                    0x000c                  _WREG6 = 0xc
                    0x000e                  WREG7 = 0xe
                    0x000e                  _WREG7 = 0xe
                    0x0010                  WREG8 = 0x10
                    0x0010                  _WREG8 = 0x10
                    0x0012                  WREG9 = 0x12
                    0x0012                  _WREG9 = 0x12
                    0x0014                  WREG10 = 0x14
                    0x0014                  _WREG10 = 0x14
                    0x0016                  WREG11 = 0x16
                    0x0016                  _WREG11 = 0x16
                    0x0018                  WREG12 = 0x18
                    0x0018                  _WREG12 = 0x18
                    0x001a                  WREG13 = 0x1a
                    0x001a                  _WREG13 = 0x1a
                    0x001c                  WREG14 = 0x1c
                    0x001c                  _WREG14 = 0x1c
                    0x001e                  WREG15 = 0x1e
                    0x001e                  _WREG15 = 0x1e
                    0x0020                  SPLIM = 0x20
                    0x0020                  _SPLIM = 0x20
                    0x002e                  PCL = 0x2e
                    0x002e                  _PCL = 0x2e
                    0x0030                  PCH = 0x30
                    0x0030                  _PCH = 0x30
                    0x0032                  TBLPAG = 0x32
                    0x0032                  _TBLPAG = 0x32
                    0x0034                  PSVPAG = 0x34
                    0x0034                  _PSVPAG = 0x34
                    0x0036                  RCOUNT = 0x36
                    0x0036                  _RCOUNT = 0x36
                    0x0042                  SR = 0x42
                    0x0042                  _SR = 0x42
                    0x0042                  _SRbits = 0x42
                    0x0044                  CORCON = 0x44
                    0x0044                  _CORCON = 0x44
                    0x0044                  _CORCONbits = 0x44
                    0x0052                  DISICNT = 0x52
                    0x0052                  _DISICNT = 0x52
                    0x0060                  CNEN1 = 0x60
                    0x0060                  _CNEN1 = 0x60
                    0x0060                  _CNEN1bits = 0x60
                    0x0062                  CNEN2 = 0x62
                    0x0062                  _CNEN2 = 0x62
                    0x0062                  _CNEN2bits = 0x62
                    0x0068                  CNPU1 = 0x68
                    0x0068                  _CNPU1 = 0x68
                    0x0068                  _CNPU1bits = 0x68
                    0x006a                  CNPU2 = 0x6a
                    0x006a                  _CNPU2 = 0x6a
                    0x006a                  _CNPU2bits = 0x6a
                    0x0080                  INTCON1 = 0x80
                    0x0080                  _INTCON1 = 0x80
                    0x0080                  _INTCON1bits = 0x80
                    0x0082                  INTCON2 = 0x82
                    0x0082                  _INTCON2 = 0x82
                    0x0082                  _INTCON2bits = 0x82
                    0x0084                  IFS0 = 0x84
                    0x0084                  _IFS0 = 0x84
                    0x0084                  _IFS0bits = 0x84
                    0x0086                  IFS1 = 0x86
                    0x0086                  _IFS1 = 0x86
                    0x0086                  _IFS1bits = 0x86
                    0x0088                  IFS2 = 0x88
                    0x0088                  _IFS2 = 0x88
                    0x0088                  _IFS2bits = 0x88
                    0x008a                  IFS3 = 0x8a
                    0x008a                  _IFS3 = 0x8a
                    0x008a                  _IFS3bits = 0x8a
                    0x008c                  IFS4 = 0x8c
                    0x008c                  _IFS4 = 0x8c
                    0x008c                  _IFS4bits = 0x8c
                    0x0094                  IEC0 = 0x94
                    0x0094                  _IEC0 = 0x94
                    0x0094                  _IEC0bits = 0x94
                    0x0096                  IEC1 = 0x96
                    0x0096                  _IEC1 = 0x96
                    0x0096                  _IEC1bits = 0x96
                    0x0098                  IEC2 = 0x98
                    0x0098                  _IEC2 = 0x98
                    0x0098                  _IEC2bits = 0x98
                    0x009a                  IEC3 = 0x9a
                    0x009a                  _IEC3 = 0x9a
                    0x009a                  _IEC3bits = 0x9a
                    0x009c                  IEC4 = 0x9c
                    0x009c                  _IEC4 = 0x9c
                    0x009c                  _IEC4bits = 0x9c
                    0x00a4                  IPC0 = 0xa4
                    0x00a4                  _IPC0 = 0xa4
                    0x00a4                  _IPC0bits = 0xa4
                    0x00a6                  IPC1 = 0xa6
                    0x00a6                  _IPC1 = 0xa6
                    0x00a6                  _IPC1bits = 0xa6
                    0x00a8                  IPC2 = 0xa8
                    0x00a8                  _IPC2 = 0xa8
                    0x00a8                  _IPC2bits = 0xa8
                    0x00aa                  IPC3 = 0xaa
                    0x00aa                  _IPC3 = 0xaa
                    0x00aa                  _IPC3bits = 0xaa
                    0x00ac                  IPC4 = 0xac
                    0x00ac                  _IPC4 = 0xac
                    0x00ac                  _IPC4bits = 0xac
                    0x00ae                  IPC5 = 0xae
                    0x00ae                  _IPC5 = 0xae
                    0x00ae                  _IPC5bits = 0xae
                    0x00b0                  IPC6 = 0xb0
                    0x00b0                  _IPC6 = 0xb0
                    0x00b0                  _IPC6bits = 0xb0
                    0x00b2                  IPC7 = 0xb2
                    0x00b2                  _IPC7 = 0xb2
                    0x00b2                  _IPC7bits = 0xb2
                    0x00b4                  IPC8 = 0xb4
                    0x00b4                  _IPC8 = 0xb4
                    0x00b4                  _IPC8bits = 0xb4
                    0x00b6                  IPC9 = 0xb6
                    0x00b6                  _IPC9 = 0xb6
                    0x00b6                  _IPC9bits = 0xb6
                    0x00b8                  IPC10 = 0xb8
                    0x00b8                  _IPC10 = 0xb8
                    0x00b8                  _IPC10bits = 0xb8
                    0x00ba                  IPC11 = 0xba
                    0x00ba                  _IPC11 = 0xba
                    0x00ba                  _IPC11bits = 0xba
                    0x00bc                  IPC12 = 0xbc
                    0x00bc                  _IPC12 = 0xbc
                    0x00bc                  _IPC12bits = 0xbc
                    0x00be                  IPC13 = 0xbe
                    0x00be                  _IPC13 = 0xbe
                    0x00be                  _IPC13bits = 0xbe
                    0x00c2                  IPC15 = 0xc2
                    0x00c2                  _IPC15 = 0xc2
                    0x00c2                  _IPC15bits = 0xc2
                    0x00c4                  IPC16 = 0xc4
                    0x00c4                  _IPC16 = 0xc4
                    0x00c4                  _IPC16bits = 0xc4
                    0x0100                  TMR1 = 0x100
                    0x0100                  _TMR1 = 0x100
                    0x0102                  PR1 = 0x102
                    0x0102                  _PR1 = 0x102
                    0x0104                  T1CON = 0x104
                    0x0104                  _T1CON = 0x104
                    0x0104                  _T1CONbits = 0x104
                    0x0106                  TMR2 = 0x106
                    0x0106                  _TMR2 = 0x106
                    0x0108                  TMR3HLD = 0x108
                    0x0108                  _TMR3HLD = 0x108
                    0x010a                  TMR3 = 0x10a
                    0x010a                  _TMR3 = 0x10a
                    0x010c                  PR2 = 0x10c
                    0x010c                  _PR2 = 0x10c
                    0x010e                  PR3 = 0x10e
                    0x010e                  _PR3 = 0x10e
                    0x0110                  T2CON = 0x110
                    0x0110                  _T2CON = 0x110
                    0x0110                  _T2CONbits = 0x110
                    0x0112                  T3CON = 0x112
                    0x0112                  _T3CON = 0x112
                    0x0112                  _T3CONbits = 0x112
                    0x0114                  TMR4 = 0x114
                    0x0114                  _TMR4 = 0x114
                    0x0116                  TMR5HLD = 0x116
                    0x0116                  _TMR5HLD = 0x116
                    0x0118                  TMR5 = 0x118
                    0x0118                  _TMR5 = 0x118
                    0x011a                  PR4 = 0x11a
                    0x011a                  _PR4 = 0x11a
                    0x011c                  PR5 = 0x11c
                    0x011c                  _PR5 = 0x11c
                    0x011e                  T4CON = 0x11e
                    0x011e                  _T4CON = 0x11e
                    0x011e                  _T4CONbits = 0x11e
                    0x0120                  T5CON = 0x120
                    0x0120                  _T5CON = 0x120
                    0x0120                  _T5CONbits = 0x120
                    0x0140                  IC1BUF = 0x140
                    0x0140                  _IC1BUF = 0x140
                    0x0142                  IC1CON = 0x142
                    0x0142                  _IC1CON = 0x142
                    0x0142                  _IC1CONbits = 0x142
                    0x0144                  IC2BUF = 0x144
                    0x0144                  _IC2BUF = 0x144
                    0x0146                  IC2CON = 0x146
                    0x0146                  _IC2CON = 0x146
                    0x0146                  _IC2CONbits = 0x146
                    0x0148                  IC3BUF = 0x148
                    0x0148                  _IC3BUF = 0x148
                    0x014a                  IC3CON = 0x14a
                    0x014a                  _IC3CON = 0x14a
                    0x014a                  _IC3CONbits = 0x14a
                    0x014c                  IC4BUF = 0x14c
                    0x014c                  _IC4BUF = 0x14c
                    0x014e                  IC4CON = 0x14e
                    0x014e                  _IC4CON = 0x14e
                    0x014e                  _IC4CONbits = 0x14e
                    0x0150                  IC5BUF = 0x150
                    0x0150                  _IC5BUF = 0x150
                    0x0152                  IC5CON = 0x152
                    0x0152                  _IC5CON = 0x152
                    0x0152                  _IC5CONbits = 0x152
                    0x0180                  OC1RS = 0x180
                    0x0180                  _OC1RS = 0x180
                    0x0182                  OC1R = 0x182
                    0x0182                  _OC1R = 0x182
                    0x0184                  OC1CON = 0x184
                    0x0184                  _OC1CON = 0x184
                    0x0184                  _OC1CONbits = 0x184
                    0x0186                  OC2RS = 0x186
                    0x0186                  _OC2RS = 0x186
                    0x0188                  OC2R = 0x188
                    0x0188                  _OC2R = 0x188
                    0x018a                  OC2CON = 0x18a
                    0x018a                  _OC2CON = 0x18a
                    0x018a                  _OC2CONbits = 0x18a
                    0x018c                  OC3RS = 0x18c
                    0x018c                  _OC3RS = 0x18c
                    0x018e                  OC3R = 0x18e
                    0x018e                  _OC3R = 0x18e
                    0x0190                  OC3CON = 0x190
                    0x0190                  _OC3CON = 0x190
                    0x0190                  _OC3CONbits = 0x190
                    0x0192                  OC4RS = 0x192
                    0x0192                  _OC4RS = 0x192
                    0x0194                  OC4R = 0x194
                    0x0194                  _OC4R = 0x194
                    0x0196                  OC4CON = 0x196
                    0x0196                  _OC4CON = 0x196
                    0x0196                  _OC4CONbits = 0x196
                    0x0198                  OC5RS = 0x198
                    0x0198                  _OC5RS = 0x198
                    0x019a                  OC5R = 0x19a
                    0x019a                  _OC5R = 0x19a
                    0x019c                  OC5CON = 0x19c
                    0x019c                  _OC5CON = 0x19c
                    0x019c                  _OC5CONbits = 0x19c
                    0x0200                  I2C1RCV = 0x200
                    0x0200                  _I2C1RCV = 0x200
                    0x0202                  I2C1TRN = 0x202
                    0x0202                  _I2C1TRN = 0x202
                    0x0204                  I2C1BRG = 0x204
                    0x0204                  _I2C1BRG = 0x204
                    0x0206                  I2C1CON = 0x206
                    0x0206                  _I2C1CON = 0x206
                    0x0206                  _I2C1CONbits = 0x206
                    0x0208                  I2C1STAT = 0x208
                    0x0208                  _I2C1STAT = 0x208
                    0x0208                  _I2C1STATbits = 0x208
                    0x020a                  I2C1ADD = 0x20a
                    0x020a                  _I2C1ADD = 0x20a
                    0x020c                  I2C1MSK = 0x20c
                    0x020c                  _I2C1MSK = 0x20c
                    0x0210                  I2C2RCV = 0x210
                    0x0210                  _I2C2RCV = 0x210
                    0x0212                  I2C2TRN = 0x212
                    0x0212                  _I2C2TRN = 0x212
                    0x0214                  I2C2BRG = 0x214
                    0x0214                  _I2C2BRG = 0x214
                    0x0216                  I2C2CON = 0x216
                    0x0216                  _I2C2CON = 0x216
                    0x0216                  _I2C2CONbits = 0x216
                    0x0218                  I2C2STAT = 0x218
                    0x0218                  _I2C2STAT = 0x218
                    0x0218                  _I2C2STATbits = 0x218
                    0x021a                  I2C2ADD = 0x21a
                    0x021a                  _I2C2ADD = 0x21a
                    0x021c                  I2C2MSK = 0x21c
                    0x021c                  _I2C2MSK = 0x21c
                    0x0220                  U1MODE = 0x220
                    0x0220                  _U1MODE = 0x220
                    0x0220                  _U1MODEbits = 0x220
                    0x0222                  U1STA = 0x222
                    0x0222                  _U1STA = 0x222
                    0x0222                  _U1STAbits = 0x222
                    0x0224                  U1TXREG = 0x224
                    0x0224                  _U1TXREG = 0x224
                    0x0226                  U1RXREG = 0x226
                    0x0226                  _U1RXREG = 0x226
                    0x0228                  U1BRG = 0x228
                    0x0228                  _U1BRG = 0x228
                    0x0230                  U2MODE = 0x230
                    0x0230                  _U2MODE = 0x230
                    0x0230                  _U2MODEbits = 0x230
                    0x0232                  U2STA = 0x232
                    0x0232                  _U2STA = 0x232
                    0x0232                  _U2STAbits = 0x232
                    0x0234                  U2TXREG = 0x234
                    0x0234                  _U2TXREG = 0x234
                    0x0236                  U2RXREG = 0x236
                    0x0236                  _U2RXREG = 0x236
                    0x0238                  U2BRG = 0x238
                    0x0238                  _U2BRG = 0x238
                    0x0240                  SPI1STAT = 0x240
                    0x0240                  _SPI1STAT = 0x240
                    0x0240                  _SPI1STATbits = 0x240
                    0x0242                  SPI1CON1 = 0x242
                    0x0242                  _SPI1CON1 = 0x242
                    0x0242                  _SPI1CON1bits = 0x242
                    0x0244                  SPI1CON2 = 0x244
                    0x0244                  _SPI1CON2 = 0x244
                    0x0244                  _SPI1CON2bits = 0x244
                    0x0248                  SPI1BUF = 0x248
                    0x0248                  _SPI1BUF = 0x248
                    0x0260                  SPI2STAT = 0x260
                    0x0260                  _SPI2STAT = 0x260
                    0x0260                  _SPI2STATbits = 0x260
                    0x0262                  SPI2CON1 = 0x262
                    0x0262                  _SPI2CON1 = 0x262
                    0x0262                  _SPI2CON1bits = 0x262
                    0x0264                  SPI2CON2 = 0x264
                    0x0264                  _SPI2CON2 = 0x264
                    0x0264                  _SPI2CON2bits = 0x264
                    0x0268                  SPI2BUF = 0x268
                    0x0268                  _SPI2BUF = 0x268
                    0x02c6                  TRISB = 0x2c6
                    0x02c6                  _TRISB = 0x2c6
                    0x02c6                  _TRISBbits = 0x2c6
                    0x02c8                  PORTB = 0x2c8
                    0x02c8                  _PORTB = 0x2c8
                    0x02c8                  _PORTBbits = 0x2c8
                    0x02ca                  LATB = 0x2ca
                    0x02ca                  _LATB = 0x2ca
                    0x02ca                  _LATBbits = 0x2ca
                    0x02cc                  TRISC = 0x2cc
                    0x02cc                  _TRISC = 0x2cc
                    0x02cc                  _TRISCbits = 0x2cc
                    0x02ce                  PORTC = 0x2ce
                    0x02ce                  _PORTC = 0x2ce
                    0x02ce                  _PORTCbits = 0x2ce
                    0x02d0                  LATC = 0x2d0
                    0x02d0                  _LATC = 0x2d0
                    0x02d0                  _LATCbits = 0x2d0
                    0x02d2                  TRISD = 0x2d2
                    0x02d2                  _TRISD = 0x2d2
                    0x02d2                  _TRISDbits = 0x2d2
                    0x02d4                  PORTD = 0x2d4
                    0x02d4                  _PORTD = 0x2d4
                    0x02d4                  _PORTDbits = 0x2d4
                    0x02d6                  LATD = 0x2d6
                    0x02d6                  _LATD = 0x2d6
                    0x02d6                  _LATDbits = 0x2d6
                    0x02d8                  TRISE = 0x2d8
                    0x02d8                  _TRISE = 0x2d8
                    0x02d8                  _TRISEbits = 0x2d8
                    0x02da                  PORTE = 0x2da
                    0x02da                  _PORTE = 0x2da
                    0x02da                  _PORTEbits = 0x2da
                    0x02dc                  LATE = 0x2dc
                    0x02dc                  _LATE = 0x2dc
                    0x02dc                  _LATEbits = 0x2dc
                    0x02de                  TRISF = 0x2de
                    0x02de                  _TRISF = 0x2de
                    0x02de                  _TRISFbits = 0x2de
                    0x02e0                  PORTF = 0x2e0
                    0x02e0                  _PORTF = 0x2e0
                    0x02e0                  _PORTFbits = 0x2e0
                    0x02e2                  LATF = 0x2e2
                    0x02e2                  _LATF = 0x2e2
                    0x02e2                  _LATFbits = 0x2e2
                    0x02e4                  TRISG = 0x2e4
                    0x02e4                  _TRISG = 0x2e4
                    0x02e4                  _TRISGbits = 0x2e4
                    0x02e6                  PORTG = 0x2e6
                    0x02e6                  _PORTG = 0x2e6
                    0x02e6                  _PORTGbits = 0x2e6
                    0x02e8                  LATG = 0x2e8
                    0x02e8                  _LATG = 0x2e8
                    0x02e8                  _LATGbits = 0x2e8
                    0x02fc                  PADCFG1 = 0x2fc
                    0x02fc                  _PADCFG1 = 0x2fc
                    0x02fc                  _PADCFG1bits = 0x2fc
                    0x0300                  ADC1BUF0 = 0x300
                    0x0300                  _ADC1BUF0 = 0x300
                    0x0302                  ADC1BUF1 = 0x302
                    0x0302                  _ADC1BUF1 = 0x302
                    0x0304                  ADC1BUF2 = 0x304
                    0x0304                  _ADC1BUF2 = 0x304
                    0x0306                  ADC1BUF3 = 0x306
                    0x0306                  _ADC1BUF3 = 0x306
                    0x0308                  ADC1BUF4 = 0x308
                    0x0308                  _ADC1BUF4 = 0x308
                    0x030a                  ADC1BUF5 = 0x30a
                    0x030a                  _ADC1BUF5 = 0x30a
                    0x030c                  ADC1BUF6 = 0x30c
                    0x030c                  _ADC1BUF6 = 0x30c
                    0x030e                  ADC1BUF7 = 0x30e
                    0x030e                  _ADC1BUF7 = 0x30e
                    0x0310                  ADC1BUF8 = 0x310
                    0x0310                  _ADC1BUF8 = 0x310
                    0x0312                  ADC1BUF9 = 0x312
                    0x0312                  _ADC1BUF9 = 0x312
                    0x0314                  ADC1BUFA = 0x314
                    0x0314                  _ADC1BUFA = 0x314
                    0x0316                  ADC1BUFB = 0x316
                    0x0316                  _ADC1BUFB = 0x316
                    0x0318                  ADC1BUFC = 0x318
                    0x0318                  _ADC1BUFC = 0x318
                    0x031a                  ADC1BUFD = 0x31a
                    0x031a                  _ADC1BUFD = 0x31a
                    0x031c                  ADC1BUFE = 0x31c
                    0x031c                  _ADC1BUFE = 0x31c
                    0x031e                  ADC1BUFF = 0x31e
                    0x031e                  _ADC1BUFF = 0x31e
                    0x0320                  AD1CON1 = 0x320
                    0x0320                  _AD1CON1 = 0x320
                    0x0320                  _AD1CON1bits = 0x320
                    0x0322                  AD1CON2 = 0x322
                    0x0322                  _AD1CON2 = 0x322
                    0x0322                  _AD1CON2bits = 0x322
                    0x0324                  AD1CON3 = 0x324